Component: ARM Compiler 5.06 update 7 (build 960) Tool: armlink [4d3601]

==============================================================================

Section Cross References

    startup_stm32f103xb.o(STACK) refers (Special) to heapauxi.o(.text) for __use_two_region_memory
    startup_stm32f103xb.o(HEAP) refers (Special) to heapauxi.o(.text) for __use_two_region_memory
    startup_stm32f103xb.o(RESET) refers (Special) to heapauxi.o(.text) for __use_two_region_memory
    startup_stm32f103xb.o(RESET) refers to startup_stm32f103xb.o(STACK) for __initial_sp
    startup_stm32f103xb.o(RESET) refers to startup_stm32f103xb.o(.text) for Reset_Handler
    startup_stm32f103xb.o(RESET) refers to stm32f1xx_it.o(i.NMI_Handler) for NMI_Handler
    startup_stm32f103xb.o(RESET) refers to stm32f1xx_it.o(i.HardFault_Handler) for HardFault_Handler
    startup_stm32f103xb.o(RESET) refers to stm32f1xx_it.o(i.MemManage_Handler) for MemManage_Handler
    startup_stm32f103xb.o(RESET) refers to stm32f1xx_it.o(i.BusFault_Handler) for BusFault_Handler
    startup_stm32f103xb.o(RESET) refers to stm32f1xx_it.o(i.UsageFault_Handler) for UsageFault_Handler
    startup_stm32f103xb.o(RESET) refers to stm32f1xx_it.o(i.SVC_Handler) for SVC_Handler
    startup_stm32f103xb.o(RESET) refers to stm32f1xx_it.o(i.DebugMon_Handler) for DebugMon_Handler
    startup_stm32f103xb.o(RESET) refers to stm32f1xx_it.o(i.PendSV_Handler) for PendSV_Handler
    startup_stm32f103xb.o(RESET) refers to stm32f1xx_it.o(i.SysTick_Handler) for SysTick_Handler
    startup_stm32f103xb.o(RESET) refers to stm32f1xx_it.o(i.DMA1_Channel5_IRQHandler) for DMA1_Channel5_IRQHandler
    startup_stm32f103xb.o(RESET) refers to bsp_can.o(i.USB_LP_CAN1_RX0_IRQHandler) for USB_LP_CAN1_RX0_IRQHandler
    startup_stm32f103xb.o(RESET) refers to bsp_tim.o(i.TIM4_IRQHandler) for TIM4_IRQHandler
    startup_stm32f103xb.o(RESET) refers to bsp_usart.o(i.USART1_IRQHandler) for USART1_IRQHandler
    startup_stm32f103xb.o(.text) refers (Special) to heapauxi.o(.text) for __use_two_region_memory
    startup_stm32f103xb.o(.text) refers to system_stm32f1xx.o(i.SystemInit) for SystemInit
    startup_stm32f103xb.o(.text) refers to __main.o(!!!main) for __main
    startup_stm32f103xb.o(.text) refers to startup_stm32f103xb.o(HEAP) for Heap_Mem
    startup_stm32f103xb.o(.text) refers to startup_stm32f103xb.o(STACK) for Stack_Mem
    main.o(i.main) refers to stm32f1xx_hal.o(i.HAL_Init) for HAL_Init
    main.o(i.main) refers to bsp_sys.o(i.SystemClock_Config) for SystemClock_Config
    main.o(i.main) refers to bsp_gpio.o(i.bsp_InitGpio) for bsp_InitGpio
    main.o(i.main) refers to bsp_24cxx.o(i.AT24CXX_Init) for AT24CXX_Init
    main.o(i.main) refers to bsp_led.o(i.LedInit) for LedInit
    main.o(i.main) refers to bsp_usart.o(i.bsp_usartInit) for bsp_usartInit
    main.o(i.main) refers to bsp_tim.o(i.Bsp_tim4_Init) for Bsp_tim4_Init
    main.o(i.main) refers to bsp_can.o(i.bsp_can_Init) for bsp_can_Init
    main.o(i.main) refers to aeabi_memset.o(.text) for __aeabi_memset
    main.o(i.main) refers to bsp_tim.o(i.TimerGet1s) for TimerGet1s
    main.o(i.main) refers to bsp_led.o(i.LedRefresh) for LedRefresh
    main.o(i.main) refers to bsp_key.o(i.KeyScan) for KeyScan
    main.o(i.main) refers to protocol.o(i.ProtocolPackage) for ProtocolPackage
    main.o(i.main) refers to bsp_can.o(i.CAN_SendMsg) for CAN_SendMsg
    main.o(i.main) refers to task_com.o(i.TaskCom) for TaskCom
    main.o(i.main) refers to bsp_24cxx.o(i.AT24CXX_Write) for AT24CXX_Write
    main.o(i.main) refers to rt_memclr.o(.text) for __aeabi_memclr
    main.o(i.main) refers to bsp_24cxx.o(i.AT24CXX_Read) for AT24CXX_Read
    main.o(i.main) refers to main.o(.bss) for channelStatus
    main.o(i.main) refers to main.o(.data) for preTb1s
    stm32f1xx_it.o(i.DMA1_Channel5_IRQHandler) refers to stm32f1xx_hal_dma.o(i.HAL_DMA_IRQHandler) for HAL_DMA_IRQHandler
    stm32f1xx_it.o(i.DMA1_Channel5_IRQHandler) refers to bsp_usart.o(.bss) for hdma_usart1_rx
    stm32f1xx_it.o(i.SysTick_Handler) refers to stm32f1xx_hal.o(i.HAL_IncTick) for HAL_IncTick
    stm32f1xx_hal_tim.o(i.HAL_TIM_Base_DeInit) refers to bsp_tim.o(i.HAL_TIM_Base_MspDeInit) for HAL_TIM_Base_MspDeInit
    stm32f1xx_hal_tim.o(i.HAL_TIM_Base_Init) refers to bsp_tim.o(i.HAL_TIM_Base_MspInit) for HAL_TIM_Base_MspInit
    stm32f1xx_hal_tim.o(i.HAL_TIM_Base_Init) refers to stm32f1xx_hal_tim.o(i.TIM_Base_SetConfig) for TIM_Base_SetConfig
    stm32f1xx_hal_tim.o(i.HAL_TIM_Base_Start_DMA) refers to stm32f1xx_hal_dma.o(i.HAL_DMA_Start_IT) for HAL_DMA_Start_IT
    stm32f1xx_hal_tim.o(i.HAL_TIM_Base_Start_DMA) refers to stm32f1xx_hal_tim.o(i.TIM_DMAPeriodElapsedCplt) for TIM_DMAPeriodElapsedCplt
    stm32f1xx_hal_tim.o(i.HAL_TIM_Base_Start_DMA) refers to stm32f1xx_hal_tim.o(i.TIM_DMAPeriodElapsedHalfCplt) for TIM_DMAPeriodElapsedHalfCplt
    stm32f1xx_hal_tim.o(i.HAL_TIM_Base_Start_DMA) refers to stm32f1xx_hal_tim.o(i.TIM_DMAError) for TIM_DMAError
[...]
    ..\Drivers\STM32F1xx_HAL_Driver\Src\stm32f1xx_hal_gpio.c 0x00000000   Number         0  stm32f1xx_hal_gpio.o ABSOLUTE
    ..\Drivers\STM32F1xx_HAL_Driver\Src\stm32f1xx_hal_gpio_ex.c 0x00000000   Number         0  stm32f1xx_hal_gpio_ex.o ABSOLUTE
    ..\Drivers\STM32F1xx_HAL_Driver\Src\stm32f1xx_hal_pwr.c 0x00000000   Number         0  stm32f1xx_hal_pwr.o ABSOLUTE
    ..\Drivers\STM32F1xx_HAL_Driver\Src\stm32f1xx_hal_rcc.c 0x00000000   Number         0  stm32f1xx_hal_rcc.o ABSOLUTE
    ..\Drivers\STM32F1xx_HAL_Driver\Src\stm32f1xx_hal_rcc_ex.c 0x00000000   Number         0  stm32f1xx_hal_rcc_ex.o ABSOLUTE
    ..\Drivers\STM32F1xx_HAL_Driver\Src\stm32f1xx_hal_tim.c 0x00000000   Number         0  stm32f1xx_hal_tim.o ABSOLUTE
    ..\Drivers\STM32F1xx_HAL_Driver\Src\stm32f1xx_hal_tim_ex.c 0x00000000   Number         0  stm32f1xx_hal_tim_ex.o ABSOLUTE
    ..\Drivers\STM32F1xx_HAL_Driver\Src\stm32f1xx_hal_uart.c 0x00000000   Number         0  stm32f1xx_hal_uart.o ABSOLUTE
    ..\Task\Src\task_com.c                   0x00000000   Number         0  task_com.o ABSOLUTE
    ..\\Bsp\\Src\\bsp_24cxx.c                0x00000000   Number         0  bsp_24cxx.o ABSOLUTE
    ..\\Bsp\\Src\\bsp_can.c                  0x00000000   Number         0  bsp_can.o ABSOLUTE
    ..\\Bsp\\Src\\bsp_gpio.c                 0x00000000   Number         0  bsp_gpio.o ABSOLUTE
    ..\\Bsp\\Src\\bsp_iic.c                  0x00000000   Number         0  bsp_iic.o ABSOLUTE
    ..\\Bsp\\Src\\bsp_key.c                  0x00000000   Number         0  bsp_key.o ABSOLUTE
    ..\\Bsp\\Src\\bsp_led.c                  0x00000000   Number         0  bsp_led.o ABSOLUTE
    ..\\Bsp\\Src\\bsp_sys.c                  0x00000000   Number         0  bsp_sys.o ABSOLUTE
    ..\\Bsp\\Src\\bsp_tim.c                  0x00000000   Number         0  bsp_tim.o ABSOLUTE
    ..\\Bsp\\Src\\bsp_usart.c                0x00000000   Number         0  bsp_usart.o ABSOLUTE
    ..\\Bsp\\Src\\delay.c                    0x00000000   Number         0  delay.o ABSOLUTE
    ..\\Drivers\\STM32F1xx_HAL_Driver\\Src\\stm32f1xx_hal_adc.c 0x00000000   Number         0  stm32f1xx_hal_adc.o ABSOLUTE
    ..\\Drivers\\STM32F1xx_HAL_Driver\\Src\\stm32f1xx_hal_adc_ex.c 0x00000000   Number         0  stm32f1xx_hal_adc_ex.o ABSOLUTE
    ..\\Drivers\\STM32F1xx_HAL_Driver\\Src\\stm32f1xx_hal_can.c 0x00000000   Number         0  stm32f1xx_hal_can.o ABSOLUTE
    ..\\Task\\Src\\task_com.c                0x00000000   Number         0  task_com.o ABSOLUTE
    dc.s                                     0x00000000   Number         0  dc.o ABSOLUTE
    startup_stm32f103xb.s                    0x00000000   Number         0  startup_stm32f103xb.o ABSOLUTE
    RESET                                    0x08000000   Section      236  startup_stm32f103xb.o(RESET)
    !!!main                                  0x080000ec   Section        8  __main.o(!!!main)
    !!!scatter                               0x080000f4   Section       52  __scatter.o(!!!scatter)
    !!handler_copy                           0x08000128   Section       26  __scatter_copy.o(!!handler_copy)
    !!handler_zi                             0x08000144   Section       28  __scatter_zi.o(!!handler_zi)
    .ARM.Collect$$libinit$$00000000          0x08000160   Section        2  libinit.o(.ARM.Collect$$libinit$$00000000)
    .ARM.Collect$$libinit$$00000002          0x08000162   Section        0  libinit2.o(.ARM.Collect$$libinit$$00000002)
    .ARM.Collect$$libinit$$00000004          0x08000162   Section        0  libinit2.o(.ARM.Collect$$libinit$$00000004)
    .ARM.Collect$$libinit$$0000000A          0x08000162   Section        0  libinit2.o(.ARM.Collect$$libinit$$0000000A)
    .ARM.Collect$$libinit$$0000000C          0x08000162   Section        0  libinit2.o(.ARM.Collect$$libinit$$0000000C)
    .ARM.Collect$$libinit$$0000000E          0x08000162   Section        0  libinit2.o(.ARM.Collect$$libinit$$0000000E)
    .ARM.Collect$$libinit$$00000011          0x08000162   Section        0  libinit2.o(.ARM.Collect$$libinit$$00000011)
    .ARM.Collect$$libinit$$00000013          0x08000162   Section        0  libinit2.o(.ARM.Collect$$libinit$$00000013)
    .ARM.Collect$$libinit$$00000015          0x08000162   Section        0  libinit2.o(.ARM.Collect$$libinit$$00000015)
    .ARM.Collect$$libinit$$00000017          0x08000162   Section        0  libinit2.o(.ARM.Collect$$libinit$$00000017)
    .ARM.Collect$$libinit$$00000019          0x08000162   Section        0  libinit2.o(.ARM.Collect$$libinit$$00000019)
    .ARM.Collect$$libinit$$0000001B          0x08000162   Section        0  libinit2.o(.ARM.Collect$$libinit$$0000001B)
    .ARM.Collect$$libinit$$0000001D          0x08000162   Section        0  libinit2.o(.ARM.Collect$$libinit$$0000001D)
    .ARM.Collect$$libinit$$0000001F          0x08000162   Section        0  libinit2.o(.ARM.Collect$$libinit$$0000001F)
    .ARM.Collect$$libinit$$00000021          0x08000162   Section        0  libinit2.o(.ARM.Collect$$libinit$$00000021)
    .ARM.Collect$$libinit$$00000023          0x08000162   Section        0  libinit2.o(.ARM.Collect$$libinit$$00000023)
    .ARM.Collect$$libinit$$00000025          0x08000162   Section        0  libinit2.o(.ARM.Collect$$libinit$$00000025)
    .ARM.Collect$$libinit$$0000002C          0x08000162   Section        0  libinit2.o(.ARM.Collect$$libinit$$0000002C)
    .ARM.Collect$$libinit$$0000002E          0x08000162   Section        0  libinit2.o(.ARM.Collect$$libinit$$0000002E)
    .ARM.Collect$$libinit$$00000030          0x08000162   Section        0  libinit2.o(.ARM.Collect$$libinit$$00000030)
    .ARM.Collect$$libinit$$00000032          0x08000162   Section        0  libinit2.o(.ARM.Collect$$libinit$$00000032)
    .ARM.Collect$$libinit$$00000033          0x08000162   Section        2  libinit2.o(.ARM.Collect$$libinit$$00000033)
    .ARM.Collect$$libshutdown$$00000000      0x08000164   Section        2  libshutdown.o(.ARM.Collect$$libshutdown$$00000000)
    .ARM.Collect$$libshutdown$$00000002      0x08000166   Section        0  libshutdown2.o(.ARM.Collect$$libshutdown$$00000002)
    .ARM.Collect$$libshutdown$$00000004      0x08000166   Section        0  libshutdown2.o(.ARM.Collect$$libshutdown$$00000004)
    .ARM.Collect$$libshutdown$$00000006      0x08000166   Section        0  libshutdown2.o(.ARM.Collect$$libshutdown$$00000006)
    .ARM.Collect$$libshutdown$$00000009      0x08000166   Section        0  libshutdown2.o(.ARM.Collect$$libshutdown$$00000009)
    .ARM.Collect$$libshutdown$$0000000C      0x08000166   Section        0  libshutdown2.o(.ARM.Collect$$libshutdown$$0000000C)
    .ARM.Collect$$libshutdown$$0000000E      0x08000166   Section        0  libshutdown2.o(.ARM.Collect$$libshutdown$$0000000E)
    .ARM.Collect$$libshutdown$$00000011      0x08000166   Section        0  libshutdown2.o(.ARM.Collect$$libshutdown$$00000011)
    .ARM.Collect$$libshutdown$$00000012      0x08000166   Section        2  libshutdown2.o(.ARM.Collect$$libshutdown$$00000012)
    .ARM.Collect$$rtentry$$00000000          0x08000168   Section        0  __rtentry.o(.ARM.Collect$$rtentry$$00000000)
    .ARM.Collect$$rtentry$$00000002          0x08000168   Section        0  __rtentry2.o(.ARM.Collect$$rtentry$$00000002)
    .ARM.Collect$$rtentry$$00000004          0x08000168   Section        6  __rtentry4.o(.ARM.Collect$$rtentry$$00000004)
    .ARM.Collect$$rtentry$$00000009          0x0800016e   Section        0  __rtentry2.o(.ARM.Collect$$rtentry$$00000009)
    .ARM.Collect$$rtentry$$0000000A          0x0800016e   Section        4  __rtentry2.o(.ARM.Collect$$rtentry$$0000000A)
    .ARM.Collect$$rtentry$$0000000C          0x08000172   Section        0  __rtentry2.o(.ARM.Collect$$rtentry$$0000000C)
    .ARM.Collect$$rtentry$$0000000D          0x08000172   Section        8  __rtentry2.o(.ARM.Collect$$rtentry$$0000000D)
    .ARM.Collect$$rtexit$$00000000           0x0800017a   Section        2  rtexit.o(.ARM.Collect$$rtexit$$00000000)
    .ARM.Collect$$rtexit$$00000002           0x0800017c   Section        0  rtexit2.o(.ARM.Collect$$rtexit$$00000002)
    .ARM.Collect$$rtexit$$00000003           0x0800017c   Section        4  rtexit2.o(.ARM.Collect$$rtexit$$00000003)
    .ARM.Collect$$rtexit$$00000004           0x08000180   Section        6  rtexit2.o(.ARM.Collect$$rtexit$$00000004)
    .text                                    0x08000188   Section       64  startup_stm32f103xb.o(.text)
    .text                                    0x080001c8   Section        0  memcmp.o(.text)
    .text                                    0x08000220   Section       16  aeabi_memset.o(.text)
    .text                                    0x08000230   Section       68  rt_memclr.o(.text)
    .text                                    0x08000274   Section       78  rt_memclr_w.o(.text)
    .text                                    0x080002c2   Section        0  heapauxi.o(.text)
    .text                                    0x080002c8   Section       74  sys_stackheap_outer.o(.text)
    .text                                    0x08000312   Section        0  exit.o(.text)
    .text                                    0x08000324   Section        8  libspace.o(.text)
    .text                                    0x0800032c   Section        0  sys_exit.o(.text)
    .text                                    0x08000338   Section        2  use_no_semi.o(.text)
    .text                                    0x0800033a   Section        0  indicate_semi.o(.text)
    i.AT24CXX_Init                           0x0800033c   Section        0  bsp_24cxx.o(i.AT24CXX_Init)
    i.AT24CXX_Read                           0x080003a0   Section        0  bsp_24cxx.o(i.AT24CXX_Read)
    i.AT24CXX_ReadOneByte                    0x080003c2   Section        0  bsp_24cxx.o(i.AT24CXX_ReadOneByte)
    i.AT24CXX_Write                          0x08000408   Section        0  bsp_24cxx.o(i.AT24CXX_Write)
    i.AT24CXX_WriteOneByte                   0x0800042c   Section        0  bsp_24cxx.o(i.AT24CXX_WriteOneByte)
    i.Bsp_tim4_Init                          0x0800046c   Section        0  bsp_tim.o(i.Bsp_tim4_Init)
    i.BusFault_Handler                       0x080004c0   Section        0  stm32f1xx_it.o(i.BusFault_Handler)
    i.CAN_SendMsg                            0x080004c4   Section        0  bsp_can.o(i.CAN_SendMsg)
    i.DMA1_Channel5_IRQHandler               0x08000508   Section        0  stm32f1xx_it.o(i.DMA1_Channel5_IRQHandler)
    i.DMA_Init                               0x08000518   Section        0  bsp_usart.o(i.DMA_Init)
    i.DMA_SetConfig                          0x0800054c   Section        0  stm32f1xx_hal_dma.o(i.DMA_SetConfig)
    DMA_SetConfig                            0x0800054d   Thumb Code    44  stm32f1xx_hal_dma.o(i.DMA_SetConfig)
    i.DebugMon_Handler                       0x08000578   Section        0  stm32f1xx_it.o(i.DebugMon_Handler)
    i.EE_delay                               0x0800057a   Section        0  bsp_iic.o(i.EE_delay)
    i.Error_Handler                          0x08000588   Section        0  bsp_sys.o(i.Error_Handler)
    i.Get_CrcXOR                             0x0800058e   Section        0  protocol.o(i.Get_CrcXOR)
    i.HAL_CAN_ActivateNotification           0x080005a8   Section        0  stm32f1xx_hal_can.o(i.HAL_CAN_ActivateNotification)
    i.HAL_CAN_AddTxMessage                   0x080005d2   Section        0  stm32f1xx_hal_can.o(i.HAL_CAN_AddTxMessage)
    i.HAL_CAN_ConfigFilter                   0x0800071c   Section        0  stm32f1xx_hal_can.o(i.HAL_CAN_ConfigFilter)
    i.HAL_CAN_ErrorCallback                  0x08000826   Section        0  stm32f1xx_hal_can.o(i.HAL_CAN_ErrorCallback)
    i.HAL_CAN_GetRxMessage                   0x08000828   Section        0  stm32f1xx_hal_can.o(i.HAL_CAN_GetRxMessage)
    i.HAL_CAN_GetTxMailboxesFreeLevel        0x080009bc   Section        0  stm32f1xx_hal_can.o(i.HAL_CAN_GetTxMailboxesFreeLevel)
    i.HAL_CAN_IRQHandler                     0x080009f2   Section        0  stm32f1xx_hal_can.o(i.HAL_CAN_IRQHandler)
    i.HAL_CAN_Init                           0x08000c40   Section        0  stm32f1xx_hal_can.o(i.HAL_CAN_Init)
    i.HAL_CAN_MspInit                        0x08000db4   Section        0  bsp_can.o(i.HAL_CAN_MspInit)
    i.HAL_CAN_RxFifo0FullCallback            0x08000e4c   Section        0  stm32f1xx_hal_can.o(i.HAL_CAN_RxFifo0FullCallback)
    i.HAL_CAN_RxFifo0MsgPendingCallback      0x08000e50   Section        0  bsp_can.o(i.HAL_CAN_RxFifo0MsgPendingCallback)
    i.HAL_CAN_RxFifo1FullCallback            0x08000e7c   Section        0  stm32f1xx_hal_can.o(i.HAL_CAN_RxFifo1FullCallback)
    i.HAL_CAN_RxFifo1MsgPendingCallback      0x08000e7e   Section        0  stm32f1xx_hal_can.o(i.HAL_CAN_RxFifo1MsgPendingCallback)
    i.HAL_CAN_SleepCallback                  0x08000e80   Section        0  stm32f1xx_hal_can.o(i.HAL_CAN_SleepCallback)
    i.HAL_CAN_Start                          0x08000e82   Section        0  stm32f1xx_hal_can.o(i.HAL_CAN_Start)
    i.HAL_CAN_TxMailbox0AbortCallback        0x08000ee0   Section        0  stm32f1xx_hal_can.o(i.HAL_CAN_TxMailbox0AbortCallback)
    i.HAL_CAN_TxMailbox0CompleteCallback     0x08000ee2   Section        0  stm32f1xx_hal_can.o(i.HAL_CAN_TxMailbox0CompleteCallback)
    i.HAL_CAN_TxMailbox1AbortCallback        0x08000ee4   Section        0  stm32f1xx_hal_can.o(i.HAL_CAN_TxMailbox1AbortCallback)
    i.HAL_CAN_TxMailbox1CompleteCallback     0x08000ee6   Section        0  stm32f1xx_hal_can.o(i.HAL_CAN_TxMailbox1CompleteCallback)
    i.HAL_CAN_TxMailbox2AbortCallback        0x08000ee8   Section        0  stm32f1xx_hal_can.o(i.HAL_CAN_TxMailbox2AbortCallback)
    i.HAL_CAN_TxMailbox2CompleteCallback     0x08000eea   Section        0  stm32f1xx_hal_can.o(i.HAL_CAN_TxMailbox2CompleteCallback)
    i.HAL_CAN_WakeUpFromRxMsgCallback        0x08000eec   Section        0  stm32f1xx_hal_can.o(i.HAL_CAN_WakeUpFromRxMsgCallback)
    i.HAL_DMA_Abort                          0x08000eee   Section        0  stm32f1xx_hal_dma.o(i.HAL_DMA_Abort)
    i.HAL_DMA_Abort_IT                       0x08000f44   Section        0  stm32f1xx_hal_dma.o(i.HAL_DMA_Abort_IT)
    i.HAL_DMA_IRQHandler                     0x08000ff4   Section        0  stm32f1xx_hal_dma.o(i.HAL_DMA_IRQHandler)
    i.HAL_DMA_Init                           0x08001190   Section        0  stm32f1xx_hal_dma.o(i.HAL_DMA_Init)
    i.HAL_DMA_Start_IT                       0x080011f8   Section        0  stm32f1xx_hal_dma.o(i.HAL_DMA_Start_IT)
    i.HAL_GPIO_Init                          0x08001294   Section        0  stm32f1xx_hal_gpio.o(i.HAL_GPIO_Init)
    i.HAL_GPIO_ReadPin                       0x080015b4   Section        0  stm32f1xx_hal_gpio.o(i.HAL_GPIO_ReadPin)
    i.HAL_GPIO_WritePin                      0x080015c4   Section        0  stm32f1xx_hal_gpio.o(i.HAL_GPIO_WritePin)
    i.HAL_GetTick                            0x080015d0   Section        0  stm32f1xx_hal.o(i.HAL_GetTick)
    i.HAL_IncTick                            0x080015dc   Section        0  stm32f1xx_hal.o(i.HAL_IncTick)
    i.HAL_Init                               0x080015f4   Section        0  stm32f1xx_hal.o(i.HAL_Init)
    i.HAL_InitTick                           0x0800161c   Section        0  stm32f1xx_hal.o(i.HAL_InitTick)
    i.HAL_MspInit                            0x08001668   Section        0  stm32f1xx_hal_msp.o(i.HAL_MspInit)
    i.HAL_NVIC_EnableIRQ                     0x080016bc   Section        0  stm32f1xx_hal_cortex.o(i.HAL_NVIC_EnableIRQ)
    i.HAL_NVIC_SetPriority                   0x080016dc   Section        0  stm32f1xx_hal_cortex.o(i.HAL_NVIC_SetPriority)
    i.HAL_NVIC_SetPriorityGrouping           0x08001758   Section        0  stm32f1xx_hal_cortex.o(i.HAL_NVIC_SetPriorityGrouping)
    i.HAL_RCCEx_PeriphCLKConfig              0x08001780   Section        0  stm32f1xx_hal_rcc_ex.o(i.HAL_RCCEx_PeriphCLKConfig)
    i.HAL_RCC_ClockConfig                    0x080018b0   Section        0  stm32f1xx_hal_rcc.o(i.HAL_RCC_ClockConfig)
    i.HAL_RCC_GetHCLKFreq                    0x08001a3c   Section        0  stm32f1xx_hal_rcc.o(i.HAL_RCC_GetHCLKFreq)
    i.HAL_RCC_GetPCLK1Freq                   0x08001a48   Section        0  stm32f1xx_hal_rcc.o(i.HAL_RCC_GetPCLK1Freq)
    i.HAL_RCC_GetPCLK2Freq                   0x08001a68   Section        0  stm32f1xx_hal_rcc.o(i.HAL_RCC_GetPCLK2Freq)
    i.HAL_RCC_GetSysClockFreq                0x08001a88   Section        0  stm32f1xx_hal_rcc.o(i.HAL_RCC_GetSysClockFreq)
    i.HAL_RCC_OscConfig                      0x08001af8   Section        0  stm32f1xx_hal_rcc.o(i.HAL_RCC_OscConfig)
    i.HAL_SYSTICK_Config                     0x08001f5c   Section        0  stm32f1xx_hal_cortex.o(i.HAL_SYSTICK_Config)
    i.HAL_TIMEx_BreakCallback                0x08001f90   Section        0  stm32f1xx_hal_tim_ex.o(i.HAL_TIMEx_BreakCallback)
    i.HAL_TIMEx_CommutCallback               0x08001f92   Section        0  stm32f1xx_hal_tim_ex.o(i.HAL_TIMEx_CommutCallback)
    i.HAL_TIMEx_MasterConfigSynchronization  0x08001f94   Section        0  stm32f1xx_hal_tim_ex.o(i.HAL_TIMEx_MasterConfigSynchronization)
    i.HAL_TIM_Base_Init                      0x08002018   Section        0  stm32f1xx_hal_tim.o(i.HAL_TIM_Base_Init)
    i.HAL_TIM_Base_MspInit                   0x08002080   Section        0  bsp_tim.o(i.HAL_TIM_Base_MspInit)
    i.HAL_TIM_Base_Start_IT                  0x080020c4   Section        0  stm32f1xx_hal_tim.o(i.HAL_TIM_Base_Start_IT)
    i.HAL_TIM_IC_CaptureCallback             0x0800213c   Section        0  stm32f1xx_hal_tim.o(i.HAL_TIM_IC_CaptureCallback)
    i.HAL_TIM_IRQHandler                     0x0800213e   Section        0  stm32f1xx_hal_tim.o(i.HAL_TIM_IRQHandler)
    i.HAL_TIM_OC_DelayElapsedCallback        0x080022aa   Section        0  stm32f1xx_hal_tim.o(i.HAL_TIM_OC_DelayElapsedCallback)
    i.HAL_TIM_PWM_PulseFinishedCallback      0x080022ac   Section        0  stm32f1xx_hal_tim.o(i.HAL_TIM_PWM_PulseFinishedCallback)
    i.HAL_TIM_PeriodElapsedCallback          0x080022b0   Section        0  bsp_tim.o(i.HAL_TIM_PeriodElapsedCallback)
    i.HAL_TIM_TriggerCallback                0x080022ec   Section        0  stm32f1xx_hal_tim.o(i.HAL_TIM_TriggerCallback)
    i.HAL_UARTEx_RxEventCallback             0x080022ee   Section        0  stm32f1xx_hal_uart.o(i.HAL_UARTEx_RxEventCallback)
    i.HAL_UART_DMAStop                       0x080022f0   Section        0  stm32f1xx_hal_uart.o(i.HAL_UART_DMAStop)
    i.HAL_UART_ErrorCallback                 0x0800237a   Section        0  stm32f1xx_hal_uart.o(i.HAL_UART_ErrorCallback)
    i.HAL_UART_IRQHandler                    0x0800237c   Section        0  stm32f1xx_hal_uart.o(i.HAL_UART_IRQHandler)
    i.HAL_UART_Init                          0x08002660   Section        0  stm32f1xx_hal_uart.o(i.HAL_UART_Init)
    i.HAL_UART_MspInit                       0x080026d8   Section        0  bsp_usart.o(i.HAL_UART_MspInit)
    i.HAL_UART_Receive_DMA                   0x080027a8   Section        0  stm32f1xx_hal_uart.o(i.HAL_UART_Receive_DMA)
    i.HAL_UART_RxCpltCallback                0x080027d4   Section        0  stm32f1xx_hal_uart.o(i.HAL_UART_RxCpltCallback)
    i.HAL_UART_RxHalfCpltCallback            0x080027d6   Section        0  stm32f1xx_hal_uart.o(i.HAL_UART_RxHalfCpltCallback)
    i.HAL_UART_TxCpltCallback                0x080027d8   Section        0  stm32f1xx_hal_uart.o(i.HAL_UART_TxCpltCallback)
    i.HardFault_Handler                      0x080027da   Section        0  stm32f1xx_it.o(i.HardFault_Handler)
    i.I2C_Send_Byte                          0x080027e0   Section        0  bsp_iic.o(i.I2C_Send_Byte)
    i.I2C_Start                              0x08002894   Section        0  bsp_iic.o(i.I2C_Start)
    i.I2C_Stop                               0x08002914   Section        0  bsp_iic.o(i.I2C_Stop)
    i.I2C_Wait_Ack                           0x08002978   Section        0  bsp_iic.o(i.I2C_Wait_Ack)
    i.IIC_Ack                                0x080029f8   Section        0  bsp_24cxx.o(i.IIC_Ack)
    i.IIC_NAck                               0x08002a3c   Section        0  bsp_24cxx.o(i.IIC_NAck)
    i.IIC_Read_Byte                          0x08002a7c   Section        0  bsp_24cxx.o(i.IIC_Read_Byte)
    i.IIC_Send_Byte                          0x08002ad8   Section        0  bsp_24cxx.o(i.IIC_Send_Byte)
    i.IIC_Start                              0x08002b44   Section        0  bsp_24cxx.o(i.IIC_Start)
    i.IIC_Stop                               0x08002b84   Section        0  bsp_24cxx.o(i.IIC_Stop)
    i.IIC_Wait_Ack                           0x08002bc4   Section        0  bsp_24cxx.o(i.IIC_Wait_Ack)
    i.KeyScan                                0x08002c1c   Section        0  bsp_key.o(i.KeyScan)
    i.LedInit                                0x08002c6c   Section        0  bsp_led.o(i.LedInit)
    i.LedPwmDutySet                          0x08002d0c   Section        0  bsp_led.o(i.LedPwmDutySet)
    i.LedRefresh                             0x08002d38   Section        0  bsp_led.o(i.LedRefresh)
    i.LedSet                                 0x08002e48   Section        0  bsp_led.o(i.LedSet)
    i.LedWrite                               0x08002e78   Section        0  bsp_led.o(i.LedWrite)
    i.LedWriteMulti                          0x08002ec0   Section        0  bsp_led.o(i.LedWriteMulti)
    i.MemManage_Handler                      0x08002f18   Section        0  stm32f1xx_it.o(i.MemManage_Handler)
    i.NMI_Handler                            0x08002f1c   Section        0  stm32f1xx_it.o(i.NMI_Handler)
    i.PendSV_Handler                         0x08002f20   Section        0  stm32f1xx_it.o(i.PendSV_Handler)
    i.ProtocolPackage                        0x08002f22   Section        0  protocol.o(i.ProtocolPackage)
    i.ProtocolParse                          0x08002f48   Section        0  protocol.o(i.ProtocolParse)
    i.RCC_Delay                              0x08002fd4   Section        0  stm32f1xx_hal_rcc.o(i.RCC_Delay)
    RCC_Delay                                0x08002fd5   Thumb Code    36  stm32f1xx_hal_rcc.o(i.RCC_Delay)
    i.SVC_Handler                            0x08002ffc   Section        0  stm32f1xx_it.o(i.SVC_Handler)
    i.SysTick_Handler                        0x08002ffe   Section        0  stm32f1xx_it.o(i.SysTick_Handler)
    i.SystemClock_Config                     0x08003006   Section        0  bsp_sys.o(i.SystemClock_Config)
    i.SystemInit                             0x0800308c   Section        0  system_stm32f1xx.o(i.SystemInit)
    i.TIM4_IRQHandler                        0x08003090   Section        0  bsp_tim.o(i.TIM4_IRQHandler)
    i.TIM_Base_SetConfig                     0x080030a0   Section        0  stm32f1xx_hal_tim.o(i.TIM_Base_SetConfig)
    i.TaskCAN                                0x08003124   Section        0  task_com.o(i.TaskCAN)
    i.TaskCom                                0x08003140   Section        0  task_com.o(i.TaskCom)
    i.TimerGet1s                             0x08003148   Section        0  bsp_tim.o(i.TimerGet1s)
    i.UART_DMAAbortOnError                   0x08003154   Section        0  stm32f1xx_hal_uart.o(i.UART_DMAAbortOnError)
    UART_DMAAbortOnError                     0x08003155   Thumb Code    20  stm32f1xx_hal_uart.o(i.UART_DMAAbortOnError)
    i.UART_DMAError                          0x08003168   Section        0  stm32f1xx_hal_uart.o(i.UART_DMAError)
    UART_DMAError                            0x08003169   Thumb Code    80  stm32f1xx_hal_uart.o(i.UART_DMAError)
    i.UART_DMAReceiveCplt                    0x080031b8   Section        0  stm32f1xx_hal_uart.o(i.UART_DMAReceiveCplt)
    UART_DMAReceiveCplt                      0x080031b9   Thumb Code   180  stm32f1xx_hal_uart.o(i.UART_DMAReceiveCplt)
    i.UART_DMARxHalfCplt                     0x0800326c   Section        0  stm32f1xx_hal_uart.o(i.UART_DMARxHalfCplt)
    UART_DMARxHalfCplt                       0x0800326d   Thumb Code    36  stm32f1xx_hal_uart.o(i.UART_DMARxHalfCplt)
    i.UART_EndRxTransfer                     0x08003290   Section        0  stm32f1xx_hal_uart.o(i.UART_EndRxTransfer)
    UART_EndRxTransfer                       0x08003291   Thumb Code   108  stm32f1xx_hal_uart.o(i.UART_EndRxTransfer)
    i.UART_EndTransmit_IT                    0x080032fc   Section        0  stm32f1xx_hal_uart.o(i.UART_EndTransmit_IT)
    UART_EndTransmit_IT                      0x080032fd   Thumb Code    32  stm32f1xx_hal_uart.o(i.UART_EndTransmit_IT)
    i.UART_EndTxTransfer                     0x0800331c   Section        0  stm32f1xx_hal_uart.o(i.UART_EndTxTransfer)
    UART_EndTxTransfer                       0x0800331d   Thumb Code    38  stm32f1xx_hal_uart.o(i.UART_EndTxTransfer)
    i.UART_Receive_IT                        0x08003342   Section        0  stm32f1xx_hal_uart.o(i.UART_Receive_IT)
    UART_Receive_IT                          0x08003343   Thumb Code   252  stm32f1xx_hal_uart.o(i.UART_Receive_IT)
    i.UART_SetConfig                         0x08003440   Section        0  stm32f1xx_hal_uart.o(i.UART_SetConfig)
    UART_SetConfig                           0x08003441   Thumb Code   248  stm32f1xx_hal_uart.o(i.UART_SetConfig)
    i.UART_Start_Receive_DMA                 0x0800353c   Section        0  stm32f1xx_hal_uart.o(i.UART_Start_Receive_DMA)
    i.UART_Transmit_IT                       0x08003604   Section        0  stm32f1xx_hal_uart.o(i.UART_Transmit_IT)
    UART_Transmit_IT                         0x08003605   Thumb Code    96  stm32f1xx_hal_uart.o(i.UART_Transmit_IT)
    i.USART1_IRQHandler                      0x08003664   Section        0  bsp_usart.o(i.USART1_IRQHandler)
    i.USART1_UART_Init                       0x080036c8   Section        0  bsp_usart.o(i.USART1_UART_Init)
    i.USB_LP_CAN1_RX0_IRQHandler             0x08003738   Section        0  bsp_can.o(i.USB_LP_CAN1_RX0_IRQHandler)
    i.UsageFault_Handler                     0x08003748   Section        0  stm32f1xx_it.o(i.UsageFault_Handler)
    i.__NVIC_GetPriorityGrouping             0x0800374c   Section        0  stm32f1xx_hal_cortex.o(i.__NVIC_GetPriorityGrouping)
    __NVIC_GetPriorityGrouping               0x0800374d   Thumb Code    10  stm32f1xx_hal_cortex.o(i.__NVIC_GetPriorityGrouping)
    i.__NVIC_SetPriority                     0x0800375c   Section        0  stm32f1xx_hal_cortex.o(i.__NVIC_SetPriority)
    __NVIC_SetPriority                       0x0800375d   Thumb Code    32  stm32f1xx_hal_cortex.o(i.__NVIC_SetPriority)
    i.bsp_IIC_Init                           0x08003784   Section        0  bsp_iic.o(i.bsp_IIC_Init)
    i.bsp_InitGpio                           0x08003834   Section        0  bsp_gpio.o(i.bsp_InitGpio)
    i.bsp_can_Init                           0x08003900   Section        0  bsp_can.o(i.bsp_can_Init)
    i.bsp_usartInit                          0x0800398c   Section        0  bsp_usart.o(i.bsp_usartInit)
    i.delay_ms                               0x080039b4   Section        0  delay.o(i.delay_ms)
    i.delay_us                               0x080039dc   Section        0  delay.o(i.delay_us)
    i.main                                   0x080039f0   Section        0  main.o(i.main)
    .constdata                               0x08003af0   Section        1  main.o(.constdata)
    .constdata                               0x08003af1   Section       18  stm32f1xx_hal_rcc.o(.constdata)
    aPLLMULFactorTable                       0x08003af1   Data          16  stm32f1xx_hal_rcc.o(.constdata)
    aPredivFactorTable                       0x08003b01   Data           2  stm32f1xx_hal_rcc.o(.constdata)
    .constdata                               0x08003b03   Section       24  system_stm32f1xx.o(.constdata)
    .constdata                               0x08003b1b   Section        2  bsp_led.o(.constdata)
    .data                                    0x20000000   Section       18  main.o(.data)
    .data                                    0x20000014   Section        9  stm32f1xx_hal.o(.data)
    .data                                    0x20000020   Section        4  system_stm32f1xx.o(.data)
    .data                                    0x20000024   Section       19  bsp_led.o(.data)
    preState                                 0x20000029   Data          14  bsp_led.o(.data)
    .data                                    0x20000038   Section      112  bsp_gpio.o(.data)
    .data                                    0x200000a8   Section        8  bsp_tim.o(.data)
    cnt1ms                                   0x200000a8   Data           4  bsp_tim.o(.data)
    cnt1s                                    0x200000ac   Data           4  bsp_tim.o(.data)
    .data                                    0x200000b0   Section       32  bsp_iic.o(.data)
    .data                                    0x200000d0   Section        4  bsp_can.o(.data)
    .bss                                     0x200000d4   Section       29  main.o(.bss)
    .bss                                     0x200000f4   Section      408  bsp_usart.o(.bss)
    .bss                                     0x2000028c   Section       72  bsp_led.o(.bss)
    .bss                                     0x200002d4   Section       72  bsp_tim.o(.bss)
    .bss                                     0x2000031c   Section       82  bsp_can.o(.bss)
    .bss                                     0x20000370   Section       96  libspace.o(.bss)
    HEAP                                     0x200003d0   Section      512  startup_stm32f103xb.o(HEAP)
    Heap_Mem                                 0x200003d0   Data         512  startup_stm32f103xb.o(HEAP)
    STACK                                    0x200005d0   Section     1024  startup_stm32f103xb.o(STACK)
    Stack_Mem                                0x200005d0   Data        1024  startup_stm32f103xb.o(STACK)
    __initial_sp                             0x200009d0   Data           0  startup_stm32f103xb.o(STACK)

    Global Symbols

    Symbol Name                              Value     Ov Type        Size  Object(Section)

    BuildAttributes$$THM_ISAv4$P$D$K$B$S$PE$A:L22UL41UL21$X:L11$S22US41US21$IEEE1$IW$USESV6$~STKCKD$USESV7$~SHL$OSPACE$ROPI$EBA8$UX$STANDARDLIB$REQ8$PRES8$EABIv2 0x00000000   Number         0  anon$$obj.o ABSOLUTE
    __ARM_use_no_argv                        0x00000000   Number         0  main.o ABSOLUTE
    __ARM_exceptions_init                     - Undefined Weak Reference
    __alloca_initialize                       - Undefined Weak Reference
    __arm_fini_                               - Undefined Weak Reference
    __arm_preinit_                            - Undefined Weak Reference
    __cpp_initialize__aeabi_                  - Undefined Weak Reference
    __cxa_finalize                            - Undefined Weak Reference
    __rt_locale                               - Undefined Weak Reference
    __sigvec_lookup                           - Undefined Weak Reference
    _atexit_init                              - Undefined Weak Reference
    _call_atexit_fns                          - Undefined Weak Reference
    _clock_init                               - Undefined Weak Reference
    _fp_trap_init                             - Undefined Weak Reference
    _fp_trap_shutdown                         - Undefined Weak Reference
    _get_lc_collate                           - Undefined Weak Reference
    _get_lc_ctype                             - Undefined Weak Reference
    _get_lc_monetary                          - Undefined Weak Reference
    _get_lc_numeric                           - Undefined Weak Reference
    _get_lc_time                              - Undefined Weak Reference
    _getenv_init                              - Undefined Weak Reference
    _handle_redirection                       - Undefined Weak Reference
    _init_alloc                               - Undefined Weak Reference
    _init_user_alloc                          - Undefined Weak Reference
    _initio                                   - Undefined Weak Reference
    _rand_init                                - Undefined Weak Reference
    _signal_finish                            - Undefined Weak Reference
    _signal_init                              - Undefined Weak Reference
    _terminate_alloc                          - Undefined Weak Reference
    _terminate_user_alloc                     - Undefined Weak Reference
    _terminateio                              - Undefined Weak Reference
    __Vectors_Size                           0x000000ec   Number         0  startup_stm32f103xb.o ABSOLUTE
    __Vectors                                0x08000000   Data           4  startup_stm32f103xb.o(RESET)
    __Vectors_End                            0x080000ec   Data           0  startup_stm32f103xb.o(RESET)
    __main                                   0x080000ed   Thumb Code     8  __main.o(!!!main)
    __scatterload                            0x080000f5   Thumb Code     0  __scatter.o(!!!scatter)
    __scatterload_rt2                        0x080000f5   Thumb Code    44  __scatter.o(!!!scatter)
    __scatterload_rt2_thumb_only             0x080000f5   Thumb Code     0  __scatter.o(!!!scatter)
    __scatterload_null                       0x08000103   Thumb Code     0  __scatter.o(!!!scatter)
    __scatterload_copy                       0x08000129   Thumb Code    26  __scatter_copy.o(!!handler_copy)
    __scatterload_zeroinit                   0x08000145   Thumb Code    28  __scatter_zi.o(!!handler_zi)
    __rt_lib_init                            0x08000161   Thumb Code     0  libinit.o(.ARM.Collect$$libinit$$00000000)
    __rt_lib_init_alloca_1                   0x08000163   Thumb Code     0  libinit2.o(.ARM.Collect$$libinit$$0000002E)
    __rt_lib_init_argv_1                     0x08000163   Thumb Code     0  libinit2.o(.ARM.Collect$$libinit$$0000002C)
    __rt_lib_init_atexit_1                   0x08000163   Thumb Code     0  libinit2.o(.ARM.Collect$$libinit$$0000001B)
    __rt_lib_init_clock_1                    0x08000163   Thumb Code     0  libinit2.o(.ARM.Collect$$libinit$$00000021)
    __rt_lib_init_cpp_1                      0x08000163   Thumb Code     0  libinit2.o(.ARM.Collect$$libinit$$00000032)
    __rt_lib_init_exceptions_1               0x08000163   Thumb Code     0  libinit2.o(.ARM.Collect$$libinit$$00000030)
    __rt_lib_init_fp_1                       0x08000163   Thumb Code     0  libinit2.o(.ARM.Collect$$libinit$$00000002)
    __rt_lib_init_fp_trap_1                  0x08000163   Thumb Code     0  libinit2.o(.ARM.Collect$$libinit$$0000001F)
    __rt_lib_init_getenv_1                   0x08000163   Thumb Code     0  libinit2.o(.ARM.Collect$$libinit$$00000023)
    __rt_lib_init_heap_1                     0x08000163   Thumb Code     0  libinit2.o(.ARM.Collect$$libinit$$0000000A)
    __rt_lib_init_lc_collate_1               0x08000163   Thumb Code     0  libinit2.o(.ARM.Collect$$libinit$$00000011)
    __rt_lib_init_lc_ctype_1                 0x08000163   Thumb Code     0  libinit2.o(.ARM.Collect$$libinit$$00000013)
    __rt_lib_init_lc_monetary_1              0x08000163   Thumb Code     0  libinit2.o(.ARM.Collect$$libinit$$00000015)
    __rt_lib_init_lc_numeric_1               0x08000163   Thumb Code     0  libinit2.o(.ARM.Collect$$libinit$$00000017)
    __rt_lib_init_lc_time_1                  0x08000163   Thumb Code     0  libinit2.o(.ARM.Collect$$libinit$$00000019)
    __rt_lib_init_preinit_1                  0x08000163   Thumb Code     0  libinit2.o(.ARM.Collect$$libinit$$00000004)
    __rt_lib_init_rand_1                     0x08000163   Thumb Code     0  libinit2.o(.ARM.Collect$$libinit$$0000000E)
    __rt_lib_init_return                     0x08000163   Thumb Code     0  libinit2.o(.ARM.Collect$$libinit$$00000033)
    __rt_lib_init_signal_1                   0x08000163   Thumb Code     0  libinit2.o(.ARM.Collect$$libinit$$0000001D)
    __rt_lib_init_stdio_1                    0x08000163   Thumb Code     0  libinit2.o(.ARM.Collect$$libinit$$00000025)
    __rt_lib_init_user_alloc_1               0x08000163   Thumb Code     0  libinit2.o(.ARM.Collect$$libinit$$0000000C)
    __rt_lib_shutdown                        0x08000165   Thumb Code     0  libshutdown.o(.ARM.Collect$$libshutdown$$00000000)
    __rt_lib_shutdown_cpp_1                  0x08000167   Thumb Code     0  libshutdown2.o(.ARM.Collect$$libshutdown$$00000004)
    __rt_lib_shutdown_fini_1                 0x08000167   Thumb Code     0  libshutdown2.o(.ARM.Collect$$libshutdown$$00000002)
    __rt_lib_shutdown_fp_trap_1              0x08000167   Thumb Code     0  libshutdown2.o(.ARM.Collect$$libshutdown$$00000009)
    __rt_lib_shutdown_heap_1                 0x08000167   Thumb Code     0  libshutdown2.o(.ARM.Collect$$libshutdown$$00000011)
    __rt_lib_shutdown_return                 0x08000167   Thumb Code     0  libshutdown2.o(.ARM.Collect$$libshutdown$$00000012)
    __rt_lib_shutdown_signal_1               0x08000167   Thumb Code     0  libshutdown2.o(.ARM.Collect$$libshutdown$$0000000C)
    __rt_lib_shutdown_stdio_1                0x08000167   Thumb Code     0  libshutdown2.o(.ARM.Collect$$libshutdown$$00000006)
    __rt_lib_shutdown_user_alloc_1           0x08000167   Thumb Code     0  libshutdown2.o(.ARM.Collect$$libshutdown$$0000000E)
    __rt_entry                               0x08000169   Thumb Code     0  __rtentry.o(.ARM.Collect$$rtentry$$00000000)
    __rt_entry_presh_1                       0x08000169   Thumb Code     0  __rtentry2.o(.ARM.Collect$$rtentry$$00000002)
    __rt_entry_sh                            0x08000169   Thumb Code     0  __rtentry4.o(.ARM.Collect$$rtentry$$00000004)
    __rt_entry_li                            0x0800016f   Thumb Code     0  __rtentry2.o(.ARM.Collect$$rtentry$$0000000A)
    __rt_entry_postsh_1                      0x0800016f   Thumb Code     0  __rtentry2.o(.ARM.Collect$$rtentry$$00000009)
    __rt_entry_main                          0x08000173   Thumb Code     0  __rtentry2.o(.ARM.Collect$$rtentry$$0000000D)
    __rt_entry_postli_1                      0x08000173   Thumb Code     0  __rtentry2.o(.ARM.Collect$$rtentry$$0000000C)
    __rt_exit                                0x0800017b   Thumb Code     0  rtexit.o(.ARM.Collect$$rtexit$$00000000)
    __rt_exit_ls                             0x0800017d   Thumb Code     0  rtexit2.o(.ARM.Collect$$rtexit$$00000003)
    __rt_exit_prels_1                        0x0800017d   Thumb Code     0  rtexit2.o(.ARM.Collect$$rtexit$$00000002)
    __rt_exit_exit                           0x08000181   Thumb Code     0  rtexit2.o(.ARM.Collect$$rtexit$$00000004)
    Reset_Handler                            0x08000189   Thumb Code     8  startup_stm32f103xb.o(.text)
    ADC1_2_IRQHandler                        0x080001a3   Thumb Code     0  startup_stm32f103xb.o(.text)
    CAN1_RX1_IRQHandler                      0x080001a3   Thumb Code     0  startup_stm32f103xb.o(.text)
    CAN1_SCE_IRQHandler                      0x080001a3   Thumb Code     0  startup_stm32f103xb.o(.text)
    DMA1_Channel1_IRQHandler                 0x080001a3   Thumb Code     0  startup_stm32f103xb.o(.text)
    DMA1_Channel2_IRQHandler                 0x080001a3   Thumb Code     0  startup_stm32f103xb.o(.text)
    DMA1_Channel3_IRQHandler                 0x080001a3   Thumb Code     0  startup_stm32f103xb.o(.text)
    DMA1_Channel4_IRQHandler                 0x080001a3   Thumb Code     0  startup_stm32f103xb.o(.text)
    DMA1_Channel6_IRQHandler                 0x080001a3   Thumb Code     0  startup_stm32f103xb.o(.text)
    DMA1_Channel7_IRQHandler                 0x080001a3   Thumb Code     0  startup_stm32f103xb.o(.text)
    EXTI0_IRQHandler                         0x080001a3   Thumb Code     0  startup_stm32f103xb.o(.text)
    EXTI15_10_IRQHandler                     0x080001a3   Thumb Code     0  startup_stm32f103xb.o(.text)
    EXTI1_IRQHandler                         0x080001a3   Thumb Code     0  startup_stm32f103xb.o(.text)
    EXTI2_IRQHandler                         0x080001a3   Thumb Code     0  startup_stm32f103xb.o(.text)
    EXTI3_IRQHandler                         0x080001a3   Thumb Code     0  startup_stm32f103xb.o(.text)
    EXTI4_IRQHandler                         0x080001a3   Thumb Code     0  startup_stm32f103xb.o(.text)
    EXTI9_5_IRQHandler                       0x080001a3   Thumb Code     0  startup_stm32f103xb.o(.text)
    FLASH_IRQHandler                         0x080001a3   Thumb Code     0  startup_stm32f103xb.o(.text)
    I2C1_ER_IRQHandler                       0x080001a3   Thumb Code     0  startup_stm32f103xb.o(.text)
    I2C1_EV_IRQHandler                       0x080001a3   Thumb Code     0  startup_stm32f103xb.o(.text)
    I2C2_ER_IRQHandler                       0x080001a3   Thumb Code     0  startup_stm32f103xb.o(.text)
    I2C2_EV_IRQHandler                       0x080001a3   Thumb Code     0  startup_stm32f103xb.o(.text)
    PVD_IRQHandler                           0x080001a3   Thumb Code     0  startup_stm32f103xb.o(.text)
    RCC_IRQHandler                           0x080001a3   Thumb Code     0  startup_stm32f103xb.o(.text)
    RTC_Alarm_IRQHandler                     0x080001a3   Thumb Code     0  startup_stm32f103xb.o(.text)
    RTC_IRQHandler                           0x080001a3   Thumb Code     0  startup_stm32f103xb.o(.text)
    SPI1_IRQHandler                          0x080001a3   Thumb Code     0  startup_stm32f103xb.o(.text)
    SPI2_IRQHandler                          0x080001a3   Thumb Code     0  startup_stm32f103xb.o(.text)
    TAMPER_IRQHandler                        0x080001a3   Thumb Code     0  startup_stm32f103xb.o(.text)
    TIM1_BRK_IRQHandler                      0x080001a3   Thumb Code     0  startup_stm32f103xb.o(.text)
    TIM1_CC_IRQHandler                       0x080001a3   Thumb Code     0  startup_stm32f103xb.o(.text)
    TIM1_TRG_COM_IRQHandler                  0x080001a3   Thumb Code     0  startup_stm32f103xb.o(.text)
    TIM1_UP_IRQHandler                       0x080001a3   Thumb Code     0  startup_stm32f103xb.o(.text)
    TIM2_IRQHandler                          0x080001a3   Thumb Code     0  startup_stm32f103xb.o(.text)
    TIM3_IRQHandler                          0x080001a3   Thumb Code     0  startup_stm32f103xb.o(.text)
    USART2_IRQHandler                        0x080001a3   Thumb Code     0  startup_stm32f103xb.o(.text)
    USART3_IRQHandler                        0x080001a3   Thumb Code     0  startup_stm32f103xb.o(.text)
    USBWakeUp_IRQHandler                     0x080001a3   Thumb Code     0  startup_stm32f103xb.o(.text)
    USB_HP_CAN1_TX_IRQHandler                0x080001a3   Thumb Code     0  startup_stm32f103xb.o(.text)
    WWDG_IRQHandler                          0x080001a3   Thumb Code     0  startup_stm32f103xb.o(.text)
    __user_initial_stackheap                 0x080001a5   Thumb Code     0  startup_stm32f103xb.o(.text)
    memcmp                                   0x080001c9   Thumb Code    88  memcmp.o(.text)
    __aeabi_memset                           0x08000221   Thumb Code    16  aeabi_memset.o(.text)
    __aeabi_memclr                           0x08000231   Thumb Code     0  rt_memclr.o(.text)
    __rt_memclr                              0x08000231   Thumb Code    68  rt_memclr.o(.text)
    _memset                                  0x08000235   Thumb Code     0  rt_memclr.o(.text)
    __aeabi_memclr4                          0x08000275   Thumb Code     0  rt_memclr_w.o(.text)
    __aeabi_memclr8                          0x08000275   Thumb Code     0  rt_memclr_w.o(.text)
    __rt_memclr_w                            0x08000275   Thumb Code    78  rt_memclr_w.o(.text)
    _memset_w                                0x08000279   Thumb Code     0  rt_memclr_w.o(.text)
    __use_two_region_memory                  0x080002c3   Thumb Code     2  heapauxi.o(.text)
    __rt_heap_escrow$2region                 0x080002c5   Thumb Code     2  heapauxi.o(.text)
    __rt_heap_expand$2region                 0x080002c7   Thumb Code     2  heapauxi.o(.text)
    __user_setup_stackheap                   0x080002c9   Thumb Code    74  sys_stackheap_outer.o(.text)
    exit                                     0x08000313   Thumb Code    18  exit.o(.text)
    __user_libspace                          0x08000325   Thumb Code     8  libspace.o(.text)
    __user_perproc_libspace                  0x08000325   Thumb Code     0  libspace.o(.text)
    __user_perthread_libspace                0x08000325   Thumb Code     0  libspace.o(.text)
    _sys_exit                                0x0800032d   Thumb Code     8  sys_exit.o(.text)
    __I$use$semihosting                      0x08000339   Thumb Code     0  use_no_semi.o(.text)
    __use_no_semihosting_swi                 0x08000339   Thumb Code     2  use_no_semi.o(.text)
    __semihosting_library_function           0x0800033b   Thumb Code     0  indicate_semi.o(.text)
    AT24CXX_Init                             0x0800033d   Thumb Code    92  bsp_24cxx.o(i.AT24CXX_Init)
    AT24CXX_Read                             0x080003a1   Thumb Code    34  bsp_24cxx.o(i.AT24CXX_Read)
    AT24CXX_ReadOneByte                      0x080003c3   Thumb Code    70  bsp_24cxx.o(i.AT24CXX_ReadOneByte)
    AT24CXX_Write                            0x08000409   Thumb Code    36  bsp_24cxx.o(i.AT24CXX_Write)
    AT24CXX_WriteOneByte                     0x0800042d   Thumb Code    62  bsp_24cxx.o(i.AT24CXX_WriteOneByte)
    Bsp_tim4_Init                            0x0800046d   Thumb Code    74  bsp_tim.o(i.Bsp_tim4_Init)
    BusFault_Handler                         0x080004c1   Thumb Code     4  stm32f1xx_it.o(i.BusFault_Handler)
    CAN_SendMsg                              0x080004c5   Thumb Code    52  bsp_can.o(i.CAN_SendMsg)
    DMA1_Channel5_IRQHandler                 0x08000509   Thumb Code    10  stm32f1xx_it.o(i.DMA1_Channel5_IRQHandler)
    DMA_Init                                 0x08000519   Thumb Code    48  bsp_usart.o(i.DMA_Init)
    DebugMon_Handler                         0x08000579   Thumb Code     2  stm32f1xx_it.o(i.DebugMon_Handler)
    EE_delay                                 0x0800057b   Thumb Code    14  bsp_iic.o(i.EE_delay)
    Error_Handler                            0x08000589   Thumb Code     6  bsp_sys.o(i.Error_Handler)
    Get_CrcXOR                               0x0800058f   Thumb Code    26  protocol.o(i.Get_CrcXOR)
    HAL_CAN_ActivateNotification             0x080005a9   Thumb Code    42  stm32f1xx_hal_can.o(i.HAL_CAN_ActivateNotification)
    HAL_CAN_AddTxMessage                     0x080005d3   Thumb Code   330  stm32f1xx_hal_can.o(i.HAL_CAN_AddTxMessage)
    HAL_CAN_ConfigFilter                     0x0800071d   Thumb Code   266  stm32f1xx_hal_can.o(i.HAL_CAN_ConfigFilter)
    HAL_CAN_ErrorCallback                    0x08000827   Thumb Code     2  stm32f1xx_hal_can.o(i.HAL_CAN_ErrorCallback)
    HAL_CAN_GetRxMessage                     0x08000829   Thumb Code   404  stm32f1xx_hal_can.o(i.HAL_CAN_GetRxMessage)
    HAL_CAN_GetTxMailboxesFreeLevel          0x080009bd   Thumb Code    54  stm32f1xx_hal_can.o(i.HAL_CAN_GetTxMailboxesFreeLevel)
    HAL_CAN_IRQHandler                       0x080009f3   Thumb Code   590  stm32f1xx_hal_can.o(i.HAL_CAN_IRQHandler)
    HAL_CAN_Init                             0x08000c41   Thumb Code   372  stm32f1xx_hal_can.o(i.HAL_CAN_Init)
    HAL_CAN_MspInit                          0x08000db5   Thumb Code   138  bsp_can.o(i.HAL_CAN_MspInit)
    HAL_CAN_RxFifo0FullCallback              0x08000e4d   Thumb Code     2  stm32f1xx_hal_can.o(i.HAL_CAN_RxFifo0FullCallback)
    HAL_CAN_RxFifo0MsgPendingCallback        0x08000e51   Thumb Code    40  bsp_can.o(i.HAL_CAN_RxFifo0MsgPendingCallback)
    HAL_CAN_RxFifo1FullCallback              0x08000e7d   Thumb Code     2  stm32f1xx_hal_can.o(i.HAL_CAN_RxFifo1FullCallback)
    HAL_CAN_RxFifo1MsgPendingCallback        0x08000e7f   Thumb Code     2  stm32f1xx_hal_can.o(i.HAL_CAN_RxFifo1MsgPendingCallback)
    HAL_CAN_SleepCallback                    0x08000e81   Thumb Code     2  stm32f1xx_hal_can.o(i.HAL_CAN_SleepCallback)
    HAL_CAN_Start                            0x08000e83   Thumb Code    94  stm32f1xx_hal_can.o(i.HAL_CAN_Start)
    HAL_CAN_TxMailbox0AbortCallback          0x08000ee1   Thumb Code     2  stm32f1xx_hal_can.o(i.HAL_CAN_TxMailbox0AbortCallback)
    HAL_CAN_TxMailbox0CompleteCallback       0x08000ee3   Thumb Code     2  stm32f1xx_hal_can.o(i.HAL_CAN_TxMailbox0CompleteCallback)
    HAL_CAN_TxMailbox1AbortCallback          0x08000ee5   Thumb Code     2  stm32f1xx_hal_can.o(i.HAL_CAN_TxMailbox1AbortCallback)
    HAL_CAN_TxMailbox1CompleteCallback       0x08000ee7   Thumb Code     2  stm32f1xx_hal_can.o(i.HAL_CAN_TxMailbox1CompleteCallback)
    HAL_CAN_TxMailbox2AbortCallback          0x08000ee9   Thumb Code     2  stm32f1xx_hal_can.o(i.HAL_CAN_TxMailbox2AbortCallback)
    HAL_CAN_TxMailbox2CompleteCallback       0x08000eeb   Thumb Code     2  stm32f1xx_hal_can.o(i.HAL_CAN_TxMailbox2CompleteCallback)
    HAL_CAN_WakeUpFromRxMsgCallback          0x08000eed   Thumb Code     2  stm32f1xx_hal_can.o(i.HAL_CAN_WakeUpFromRxMsgCallback)
    HAL_DMA_Abort                            0x08000eef   Thumb Code    86  stm32f1xx_hal_dma.o(i.HAL_DMA_Abort)
    HAL_DMA_Abort_IT                         0x08000f45   Thumb Code   172  stm32f1xx_hal_dma.o(i.HAL_DMA_Abort_IT)
    HAL_DMA_IRQHandler                       0x08000ff5   Thumb Code   408  stm32f1xx_hal_dma.o(i.HAL_DMA_IRQHandler)
    HAL_DMA_Init                             0x08001191   Thumb Code   100  stm32f1xx_hal_dma.o(i.HAL_DMA_Init)
    HAL_DMA_Start_IT                         0x080011f9   Thumb Code   156  stm32f1xx_hal_dma.o(i.HAL_DMA_Start_IT)
    HAL_GPIO_Init                            0x08001295   Thumb Code   766  stm32f1xx_hal_gpio.o(i.HAL_GPIO_Init)
    HAL_GPIO_ReadPin                         0x080015b5   Thumb Code    16  stm32f1xx_hal_gpio.o(i.HAL_GPIO_ReadPin)
    HAL_GPIO_WritePin                        0x080015c5   Thumb Code    12  stm32f1xx_hal_gpio.o(i.HAL_GPIO_WritePin)
    HAL_GetTick                              0x080015d1   Thumb Code     6  stm32f1xx_hal.o(i.HAL_GetTick)
    HAL_IncTick                              0x080015dd   Thumb Code    16  stm32f1xx_hal.o(i.HAL_IncTick)
    HAL_Init                                 0x080015f5   Thumb Code    34  stm32f1xx_hal.o(i.HAL_Init)
    HAL_InitTick                             0x0800161d   Thumb Code    64  stm32f1xx_hal.o(i.HAL_InitTick)
    HAL_MspInit                              0x08001669   Thumb Code    76  stm32f1xx_hal_msp.o(i.HAL_MspInit)
    HAL_NVIC_EnableIRQ                       0x080016bd   Thumb Code    32  stm32f1xx_hal_cortex.o(i.HAL_NVIC_EnableIRQ)
    HAL_NVIC_SetPriority                     0x080016dd   Thumb Code   124  stm32f1xx_hal_cortex.o(i.HAL_NVIC_SetPriority)
    HAL_NVIC_SetPriorityGrouping             0x08001759   Thumb Code    32  stm32f1xx_hal_cortex.o(i.HAL_NVIC_SetPriorityGrouping)
    HAL_RCCEx_PeriphCLKConfig                0x08001781   Thumb Code   290  stm32f1xx_hal_rcc_ex.o(i.HAL_RCCEx_PeriphCLKConfig)
    HAL_RCC_ClockConfig                      0x080018b1   Thumb Code   376  stm32f1xx_hal_rcc.o(i.HAL_RCC_ClockConfig)
    HAL_RCC_GetHCLKFreq                      0x08001a3d   Thumb Code     6  stm32f1xx_hal_rcc.o(i.HAL_RCC_GetHCLKFreq)
    HAL_RCC_GetPCLK1Freq                     0x08001a49   Thumb Code    22  stm32f1xx_hal_rcc.o(i.HAL_RCC_GetPCLK1Freq)
    HAL_RCC_GetPCLK2Freq                     0x08001a69   Thumb Code    22  stm32f1xx_hal_rcc.o(i.HAL_RCC_GetPCLK2Freq)
    HAL_RCC_GetSysClockFreq                  0x08001a89   Thumb Code    92  stm32f1xx_hal_rcc.o(i.HAL_RCC_GetSysClockFreq)
    HAL_RCC_OscConfig                        0x08001af9   Thumb Code  1114  stm32f1xx_hal_rcc.o(i.HAL_RCC_OscConfig)
    HAL_SYSTICK_Config                       0x08001f5d   Thumb Code    52  stm32f1xx_hal_cortex.o(i.HAL_SYSTICK_Config)
    HAL_TIMEx_BreakCallback                  0x08001f91   Thumb Code     2  stm32f1xx_hal_tim_ex.o(i.HAL_TIMEx_BreakCallback)
    HAL_TIMEx_CommutCallback                 0x08001f93   Thumb Code     2  stm32f1xx_hal_tim_ex.o(i.HAL_TIMEx_CommutCallback)
    HAL_TIMEx_MasterConfigSynchronization    0x08001f95   Thumb Code   118  stm32f1xx_hal_tim_ex.o(i.HAL_TIMEx_MasterConfigSynchronization)
    HAL_TIM_Base_Init                        0x08002019   Thumb Code   102  stm32f1xx_hal_tim.o(i.HAL_TIM_Base_Init)
    HAL_TIM_Base_MspInit                     0x08002081   Thumb Code    58  bsp_tim.o(i.HAL_TIM_Base_MspInit)
    HAL_TIM_Base_Start_IT                    0x080020c5   Thumb Code   106  stm32f1xx_hal_tim.o(i.HAL_TIM_Base_Start_IT)
    HAL_TIM_IC_CaptureCallback               0x0800213d   Thumb Code     2  stm32f1xx_hal_tim.o(i.HAL_TIM_IC_CaptureCallback)
    HAL_TIM_IRQHandler                       0x0800213f   Thumb Code   364  stm32f1xx_hal_tim.o(i.HAL_TIM_IRQHandler)
    HAL_TIM_OC_DelayElapsedCallback          0x080022ab   Thumb Code     2  stm32f1xx_hal_tim.o(i.HAL_TIM_OC_DelayElapsedCallback)
    HAL_TIM_PWM_PulseFinishedCallback        0x080022ad   Thumb Code     2  stm32f1xx_hal_tim.o(i.HAL_TIM_PWM_PulseFinishedCallback)
    HAL_TIM_PeriodElapsedCallback            0x080022b1   Thumb Code    46  bsp_tim.o(i.HAL_TIM_PeriodElapsedCallback)
    HAL_TIM_TriggerCallback                  0x080022ed   Thumb Code     2  stm32f1xx_hal_tim.o(i.HAL_TIM_TriggerCallback)
    HAL_UARTEx_RxEventCallback               0x080022ef   Thumb Code     2  stm32f1xx_hal_uart.o(i.HAL_UARTEx_RxEventCallback)
    HAL_UART_DMAStop                         0x080022f1   Thumb Code   138  stm32f1xx_hal_uart.o(i.HAL_UART_DMAStop)
    HAL_UART_ErrorCallback                   0x0800237b   Thumb Code     2  stm32f1xx_hal_uart.o(i.HAL_UART_ErrorCallback)
    HAL_UART_IRQHandler                      0x0800237d   Thumb Code   736  stm32f1xx_hal_uart.o(i.HAL_UART_IRQHandler)
    HAL_UART_Init                            0x08002661   Thumb Code   118  stm32f1xx_hal_uart.o(i.HAL_UART_Init)
    HAL_UART_MspInit                         0x080026d9   Thumb Code   188  bsp_usart.o(i.HAL_UART_MspInit)
    HAL_UART_Receive_DMA                     0x080027a9   Thumb Code    44  stm32f1xx_hal_uart.o(i.HAL_UART_Receive_DMA)
    HAL_UART_RxCpltCallback                  0x080027d5   Thumb Code     2  stm32f1xx_hal_uart.o(i.HAL_UART_RxCpltCallback)
    HAL_UART_RxHalfCpltCallback              0x080027d7   Thumb Code     2  stm32f1xx_hal_uart.o(i.HAL_UART_RxHalfCpltCallback)
    HAL_UART_TxCpltCallback                  0x080027d9   Thumb Code     2  stm32f1xx_hal_uart.o(i.HAL_UART_TxCpltCallback)
    HardFault_Handler                        0x080027db   Thumb Code     4  stm32f1xx_it.o(i.HardFault_Handler)
    I2C_Send_Byte                            0x080027e1   Thumb Code   176  bsp_iic.o(i.I2C_Send_Byte)
    I2C_Start                                0x08002895   Thumb Code   122  bsp_iic.o(i.I2C_Start)
    I2C_Stop                                 0x08002915   Thumb Code    94  bsp_iic.o(i.I2C_Stop)
    I2C_Wait_Ack                             0x08002979   Thumb Code   122  bsp_iic.o(i.I2C_Wait_Ack)
    IIC_Ack                                  0x080029f9   Thumb Code    62  bsp_24cxx.o(i.IIC_Ack)
    IIC_NAck                                 0x08002a3d   Thumb Code    60  bsp_24cxx.o(i.IIC_NAck)
    IIC_Read_Byte                            0x08002a7d   Thumb Code    88  bsp_24cxx.o(i.IIC_Read_Byte)
    IIC_Send_Byte                            0x08002ad9   Thumb Code   104  bsp_24cxx.o(i.IIC_Send_Byte)
    IIC_Start                                0x08002b45   Thumb Code    60  bsp_24cxx.o(i.IIC_Start)
    IIC_Stop                                 0x08002b85   Thumb Code    60  bsp_24cxx.o(i.IIC_Stop)
    IIC_Wait_Ack                             0x08002bc5   Thumb Code    84  bsp_24cxx.o(i.IIC_Wait_Ack)
    KeyScan                                  0x08002c1d   Thumb Code    76  bsp_key.o(i.KeyScan)
    LedInit                                  0x08002c6d   Thumb Code   152  bsp_led.o(i.LedInit)
    LedPwmDutySet                            0x08002d0d   Thumb Code    42  bsp_led.o(i.LedPwmDutySet)
    LedRefresh                               0x08002d39   Thumb Code   262  bsp_led.o(i.LedRefresh)
    LedSet                                   0x08002e49   Thumb Code    46  bsp_led.o(i.LedSet)
    LedWrite                                 0x08002e79   Thumb Code    66  bsp_led.o(i.LedWrite)
    LedWriteMulti                            0x08002ec1   Thumb Code    84  bsp_led.o(i.LedWriteMulti)
    MemManage_Handler                        0x08002f19   Thumb Code     4  stm32f1xx_it.o(i.MemManage_Handler)
    NMI_Handler                              0x08002f1d   Thumb Code     4  stm32f1xx_it.o(i.NMI_Handler)
    PendSV_Handler                           0x08002f21   Thumb Code     2  stm32f1xx_it.o(i.PendSV_Handler)
    ProtocolPackage                          0x08002f23   Thumb Code    38  protocol.o(i.ProtocolPackage)
    ProtocolParse                            0x08002f49   Thumb Code   134  protocol.o(i.ProtocolParse)
    SVC_Handler                              0x08002ffd   Thumb Code     2  stm32f1xx_it.o(i.SVC_Handler)
    SysTick_Handler                          0x08002fff   Thumb Code     8  stm32f1xx_it.o(i.SysTick_Handler)
    SystemClock_Config                       0x08003007   Thumb Code   134  bsp_sys.o(i.SystemClock_Config)
    SystemInit                               0x0800308d   Thumb Code     2  system_stm32f1xx.o(i.SystemInit)
    TIM4_IRQHandler                          0x08003091   Thumb Code    10  bsp_tim.o(i.TIM4_IRQHandler)
    TIM_Base_SetConfig                       0x080030a1   Thumb Code   120  stm32f1xx_hal_tim.o(i.TIM_Base_SetConfig)
    TaskCAN                                  0x08003125   Thumb Code    24  task_com.o(i.TaskCAN)
    TaskCom                                  0x08003141   Thumb Code     8  task_com.o(i.TaskCom)
    TimerGet1s                               0x08003149   Thumb Code     6  bsp_tim.o(i.TimerGet1s)
    UART_Start_Receive_DMA                   0x0800353d   Thumb Code   186  stm32f1xx_hal_uart.o(i.UART_Start_Receive_DMA)
    USART1_IRQHandler                        0x08003665   Thumb Code    86  bsp_usart.o(i.USART1_IRQHandler)
    USART1_UART_Init                         0x080036c9   Thumb Code   100  bsp_usart.o(i.USART1_UART_Init)
    USB_LP_CAN1_RX0_IRQHandler               0x08003739   Thumb Code    10  bsp_can.o(i.USB_LP_CAN1_RX0_IRQHandler)
    UsageFault_Handler                       0x08003749   Thumb Code     4  stm32f1xx_it.o(i.UsageFault_Handler)
    bsp_IIC_Init                             0x08003785   Thumb Code   166  bsp_iic.o(i.bsp_IIC_Init)
    bsp_InitGpio                             0x08003835   Thumb Code   190  bsp_gpio.o(i.bsp_InitGpio)
    bsp_can_Init                             0x08003901   Thumb Code   132  bsp_can.o(i.bsp_can_Init)
    bsp_usartInit                            0x0800398d   Thumb Code    30  bsp_usart.o(i.bsp_usartInit)
    delay_ms                                 0x080039b5   Thumb Code    36  delay.o(i.delay_ms)
    delay_us                                 0x080039dd   Thumb Code    20  delay.o(i.delay_us)
    main                                     0x080039f1   Thumb Code   226  main.o(i.main)
    devID                                    0x08003af0   Data           1  main.o(.constdata)
    AHBPrescTable                            0x08003b03   Data          16  system_stm32f1xx.o(.constdata)
    APBPrescTable                            0x08003b13   Data           8  system_stm32f1xx.o(.constdata)
    ledAddr                                  0x08003b1b   Data           2  bsp_led.o(.constdata)
    Region$$Table$$Base                      0x08003b20   Number         0  anon$$obj.o(Region$$Table)
    Region$$Table$$Limit                     0x08003b40   Number         0  anon$$obj.o(Region$$Table)
    test                                     0x20000000   Data           1  main.o(.data)
    test_data                                0x20000001   Data           1  main.o(.data)
    preTb1s                                  0x20000004   Data           4  main.o(.data)
    flagFire                                 0x20000008   Data           1  main.o(.data)
    key                                      0x20000009   Data           1  main.o(.data)
    canTxBuf                                 0x2000000a   Data           8  main.o(.data)
    uwTick                                   0x20000014   Data           4  stm32f1xx_hal.o(.data)
    uwTickPrio                               0x20000018   Data           4  stm32f1xx_hal.o(.data)
    uwTickFreq                               0x2000001c   Data           1  stm32f1xx_hal.o(.data)
    SystemCoreClock                          0x20000020   Data           4  system_stm32f1xx.o(.data)
    status_color                             0x20000024   Data           5  bsp_led.o(.data)
    key_gpio                                 0x20000038   Data         112  bsp_gpio.o(.data)
    iic_gpio                                 0x200000b0   Data          32  bsp_iic.o(.data)
    txMailbox                                0x200000d0   Data           4  bsp_can.o(.data)
    test_buf                                 0x200000d4   Data          15  main.o(.bss)
    channelStatus                            0x200000e3   Data          14  main.o(.bss)
    huart1                                   0x200000f4   Data          72  bsp_usart.o(.bss)
    hdma_usart1_rx                           0x2000013c   Data          68  bsp_usart.o(.bss)
    usart1                                   0x20000180   Data          12  bsp_usart.o(.bss)
    usart1Rxbuf                              0x2000018c   Data         256  bsp_usart.o(.bss)
    pwmDuty                                  0x2000028c   Data          36  bsp_led.o(.bss)
    ledCtrl                                  0x200002b0   Data          36  bsp_led.o(.bss)
    htim4                                    0x200002d4   Data          72  bsp_tim.o(.bss)
    hcan                                     0x2000031c   Data          40  bsp_can.o(.bss)
    txheader                                 0x20000344   Data          24  bsp_can.o(.bss)
    canRx                                    0x2000035c   Data          18  bsp_can.o(.bss)
    __libspace_start                         0x20000370   Data          96  libspace.o(.bss)
    __temporary_stack_top$libspace           0x200003d0   Data           0  libspace.o(.bss)



==============================================================================

Memory Map of the image

  Image Entry point : 0x080000ed

  Load Region LR_IROM1 (Base: 0x08000000, Size: 0x00003c14, Max: 0x00010000, ABSOLUTE)

    Execution Region ER_IROM1 (Exec base: 0x08000000, Load base: 0x08000000, Size: 0x00003b40, Max: 0x00010000, ABSOLUTE)

    Exec Addr    Load Addr    Size         Type   Attr      Idx    E Section Name        Object

    0x08000000   0x08000000   0x000000ec   Data   RO            3    RESET               startup_stm32f103xb.o
    0x080000ec   0x080000ec   0x00000008   Code   RO         3913  * !!!main             c_w.l(__main.o)
    0x080000f4   0x080000f4   0x00000034   Code   RO         4072    !!!scatter          c_w.l(__scatter.o)
    0x08000128   0x08000128   0x0000001a   Code   RO         4074    !!handler_copy      c_w.l(__scatter_copy.o)
    0x08000142   0x08000142   0x00000002   PAD
    0x08000144   0x08000144   0x0000001c   Code   RO         4076    !!handler_zi        c_w.l(__scatter_zi.o)
    0x08000160   0x08000160   0x00000002   Code   RO         3940    .ARM.Collect$$libinit$$00000000  c_w.l(libinit.o)
    0x08000162   0x08000162   0x00000000   Code   RO         3947    .ARM.Collect$$libinit$$00000002  c_w.l(libinit2.o)
    0x08000162   0x08000162   0x00000000   Code   RO         3949    .ARM.Collect$$libinit$$00000004  c_w.l(libinit2.o)
    0x08000162   0x08000162   0x00000000   Code   RO         3952    .ARM.Collect$$libinit$$0000000A  c_w.l(libinit2.o)
    0x08000162   0x08000162   0x00000000   Code   RO         3954    .ARM.Collect$$libinit$$0000000C  c_w.l(libinit2.o)
    0x08000162   0x08000162   0x00000000   Code   RO         3956    .ARM.Collect$$libinit$$0000000E  c_w.l(libinit2.o)
    0x08000162   0x08000162   0x00000000   Code   RO         3959    .ARM.Collect$$libinit$$00000011  c_w.l(libinit2.o)
    0x08000162   0x08000162   0x00000000   Code   RO         3961    .ARM.Collect$$libinit$$00000013  c_w.l(libinit2.o)
    0x08000162   0x08000162   0x00000000   Code   RO         3963    .ARM.Collect$$libinit$$00000015  c_w.l(libinit2.o)
    0x08000162   0x08000162   0x00000000   Code   RO         3965    .ARM.Collect$$libinit$$00000017  c_w.l(libinit2.o)
    0x08000162   0x08000162   0x00000000   Code   RO         3967    .ARM.Collect$$libinit$$00000019  c_w.l(libinit2.o)
    0x08000162   0x08000162   0x00000000   Code   RO         3969    .ARM.Collect$$libinit$$0000001B  c_w.l(libinit2.o)
    0x08000162   0x08000162   0x00000000   Code   RO         3971    .ARM.Collect$$libinit$$0000001D  c_w.l(libinit2.o)
    0x08000162   0x08000162   0x00000000   Code   RO         3973    .ARM.Collect$$libinit$$0000001F  c_w.l(libinit2.o)
    0x08000162   0x08000162   0x00000000   Code   RO         3975    .ARM.Collect$$libinit$$00000021  c_w.l(libinit2.o)
    0x08000162   0x08000162   0x00000000   Code   RO         3977    .ARM.Collect$$libinit$$00000023  c_w.l(libinit2.o)
    0x08000162   0x08000162   0x00000000   Code   RO         3979    .ARM.Collect$$libinit$$00000025  c_w.l(libinit2.o)
    0x08000162   0x08000162   0x00000000   Code   RO         3983    .ARM.Collect$$libinit$$0000002C  c_w.l(libinit2.o)
    0x08000162   0x08000162   0x00000000   Code   RO         3985    .ARM.Collect$$libinit$$0000002E  c_w.l(libinit2.o)
    0x08000162   0x08000162   0x00000000   Code   RO         3987    .ARM.Collect$$libinit$$00000030  c_w.l(libinit2.o)
    0x08000162   0x08000162   0x00000000   Code   RO         3989    .ARM.Collect$$libinit$$00000032  c_w.l(libinit2.o)
    0x08000162   0x08000162   0x00000002   Code   RO         3990    .ARM.Collect$$libinit$$00000033  c_w.l(libinit2.o)
    0x08000164   0x08000164   0x00000002   Code   RO         4010    .ARM.Collect$$libshutdown$$00000000  c_w.l(libshutdown.o)
    0x08000166   0x08000166   0x00000000   Code   RO         4023    .ARM.Collect$$libshutdown$$00000002  c_w.l(libshutdown2.o)
    0x08000166   0x08000166   0x00000000   Code   RO         4025    .ARM.Collect$$libshutdown$$00000004  c_w.l(libshutdown2.o)
    0x08000166   0x08000166   0x00000000   Code   RO         4027    .ARM.Collect$$libshutdown$$00000006  c_w.l(libshutdown2.o)
    0x08000166   0x08000166   0x00000000   Code   RO         4030    .ARM.Collect$$libshutdown$$00000009  c_w.l(libshutdown2.o)
    0x08000166   0x08000166   0x00000000   Code   RO         4033    .ARM.Collect$$libshutdown$$0000000C  c_w.l(libshutdown2.o)
    0x08000166   0x08000166   0x00000000   Code   RO         4035    .ARM.Collect$$libshutdown$$0000000E  c_w.l(libshutdown2.o)
    0x08000166   0x08000166   0x00000000   Code   RO         4038    .ARM.Collect$$libshutdown$$00000011  c_w.l(libshutdown2.o)
    0x08000166   0x08000166   0x00000002   Code   RO         4039    .ARM.Collect$$libshutdown$$00000012  c_w.l(libshutdown2.o)
    0x08000168   0x08000168   0x00000000   Code   RO         3915    .ARM.Collect$$rtentry$$00000000  c_w.l(__rtentry.o)
    0x08000168   0x08000168   0x00000000   Code   RO         3917    .ARM.Collect$$rtentry$$00000002  c_w.l(__rtentry2.o)
    0x08000168   0x08000168   0x00000006   Code   RO         3929    .ARM.Collect$$rtentry$$00000004  c_w.l(__rtentry4.o)
    0x0800016e   0x0800016e   0x00000000   Code   RO         3919    .ARM.Collect$$rtentry$$00000009  c_w.l(__rtentry2.o)
    0x0800016e   0x0800016e   0x00000004   Code   RO         3920    .ARM.Collect$$rtentry$$0000000A  c_w.l(__rtentry2.o)
    0x08000172   0x08000172   0x00000000   Code   RO         3922    .ARM.Collect$$rtentry$$0000000C  c_w.l(__rtentry2.o)
    0x08000172   0x08000172   0x00000008   Code   RO         3923    .ARM.Collect$$rtentry$$0000000D  c_w.l(__rtentry2.o)
    0x0800017a   0x0800017a   0x00000002   Code   RO         3944    .ARM.Collect$$rtexit$$00000000  c_w.l(rtexit.o)
    0x0800017c   0x0800017c   0x00000000   Code   RO         3992    .ARM.Collect$$rtexit$$00000002  c_w.l(rtexit2.o)
    0x0800017c   0x0800017c   0x00000004   Code   RO         3993    .ARM.Collect$$rtexit$$00000003  c_w.l(rtexit2.o)
    0x08000180   0x08000180   0x00000006   Code   RO         3994    .ARM.Collect$$rtexit$$00000004  c_w.l(rtexit2.o)
    0x08000186   0x08000186   0x00000002   PAD
    0x08000188   0x08000188   0x00000040   Code   RO            4    .text               startup_stm32f103xb.o
    0x080001c8   0x080001c8   0x00000058   Code   RO         3903    .text               c_w.l(memcmp.o)
    0x08000220   0x08000220   0x00000010   Code   RO         3905    .text               c_w.l(aeabi_memset.o)
    0x08000230   0x08000230   0x00000044   Code   RO         3907    .text               c_w.l(rt_memclr.o)
    0x08000274   0x08000274   0x0000004e   Code   RO         3909    .text               c_w.l(rt_memclr_w.o)
    0x080002c2   0x080002c2   0x00000006   Code   RO         3911    .text               c_w.l(heapauxi.o)
    0x080002c8   0x080002c8   0x0000004a   Code   RO         3931    .text               c_w.l(sys_stackheap_outer.o)
    0x08000312   0x08000312   0x00000012   Code   RO         3933    .text               c_w.l(exit.o)
    0x08000324   0x08000324   0x00000008   Code   RO         3941    .text               c_w.l(libspace.o)
    0x0800032c   0x0800032c   0x0000000c   Code   RO         4002    .text               c_w.l(sys_exit.o)
    0x08000338   0x08000338   0x00000002   Code   RO         4013    .text               c_w.l(use_no_semi.o)
    0x0800033a   0x0800033a   0x00000000   Code   RO         4015    .text               c_w.l(indicate_semi.o)
    0x0800033a   0x0800033a   0x00000002   PAD
    0x0800033c   0x0800033c   0x00000064   Code   RO         3513    i.AT24CXX_Init      bsp_24cxx.o
    0x080003a0   0x080003a0   0x00000022   Code   RO         3514    i.AT24CXX_Read      bsp_24cxx.o
    0x080003c2   0x080003c2   0x00000046   Code   RO         3516    i.AT24CXX_ReadOneByte  bsp_24cxx.o
    0x08000408   0x08000408   0x00000024   Code   RO         3517    i.AT24CXX_Write     bsp_24cxx.o
    0x0800042c   0x0800042c   0x0000003e   Code   RO         3519    i.AT24CXX_WriteOneByte  bsp_24cxx.o
    0x0800046a   0x0800046a   0x00000002   PAD
    0x0800046c   0x0800046c   0x00000054   Code   RO         3448    i.Bsp_tim4_Init     bsp_tim.o
    0x080004c0   0x080004c0   0x00000004   Code   RO          178    i.BusFault_Handler  stm32f1xx_it.o
    0x080004c4   0x080004c4   0x00000044   Code   RO         3774    i.CAN_SendMsg       bsp_can.o
    0x08000508   0x08000508   0x00000010   Code   RO          179    i.DMA1_Channel5_IRQHandler  stm32f1xx_it.o
    0x08000518   0x08000518   0x00000034   Code   RO         3284    i.DMA_Init          bsp_usart.o
    0x0800054c   0x0800054c   0x0000002c   Code   RO         1693    i.DMA_SetConfig     stm32f1xx_hal_dma.o
    0x08000578   0x08000578   0x00000002   Code   RO          180    i.DebugMon_Handler  stm32f1xx_it.o
    0x0800057a   0x0800057a   0x0000000e   Code   RO         3626    i.EE_delay          bsp_iic.o
    0x08000588   0x08000588   0x00000006   Code   RO         3701    i.Error_Handler     bsp_sys.o
    0x0800058e   0x0800058e   0x0000001a   Code   RO         3832    i.Get_CrcXOR        protocol.o
    0x080005a8   0x080005a8   0x0000002a   Code   RO         2966    i.HAL_CAN_ActivateNotification  stm32f1xx_hal_can.o
    0x080005d2   0x080005d2   0x0000014a   Code   RO         2967    i.HAL_CAN_AddTxMessage  stm32f1xx_hal_can.o
    0x0800071c   0x0800071c   0x0000010a   Code   RO         2968    i.HAL_CAN_ConfigFilter  stm32f1xx_hal_can.o
    0x08000826   0x08000826   0x00000002   Code   RO         2971    i.HAL_CAN_ErrorCallback  stm32f1xx_hal_can.o
    0x08000828   0x08000828   0x00000194   Code   RO         2974    i.HAL_CAN_GetRxMessage  stm32f1xx_hal_can.o
    0x080009bc   0x080009bc   0x00000036   Code   RO         2976    i.HAL_CAN_GetTxMailboxesFreeLevel  stm32f1xx_hal_can.o
    0x080009f2   0x080009f2   0x0000024e   Code   RO         2978    i.HAL_CAN_IRQHandler  stm32f1xx_hal_can.o
    0x08000c40   0x08000c40   0x00000174   Code   RO         2979    i.HAL_CAN_Init      stm32f1xx_hal_can.o
    0x08000db4   0x08000db4   0x00000098   Code   RO         3776    i.HAL_CAN_MspInit   bsp_can.o
    0x08000e4c   0x08000e4c   0x00000002   Code   RO         2986    i.HAL_CAN_RxFifo0FullCallback  stm32f1xx_hal_can.o
    0x08000e4e   0x08000e4e   0x00000002   PAD
    0x08000e50   0x08000e50   0x0000002c   Code   RO         3777    i.HAL_CAN_RxFifo0MsgPendingCallback  bsp_can.o
    0x08000e7c   0x08000e7c   0x00000002   Code   RO         2988    i.HAL_CAN_RxFifo1FullCallback  stm32f1xx_hal_can.o
    0x08000e7e   0x08000e7e   0x00000002   Code   RO         2989    i.HAL_CAN_RxFifo1MsgPendingCallback  stm32f1xx_hal_can.o
    0x08000e80   0x08000e80   0x00000002   Code   RO         2990    i.HAL_CAN_SleepCallback  stm32f1xx_hal_can.o
    0x08000e82   0x08000e82   0x0000005e   Code   RO         2991    i.HAL_CAN_Start     stm32f1xx_hal_can.o
    0x08000ee0   0x08000ee0   0x00000002   Code   RO         2993    i.HAL_CAN_TxMailbox0AbortCallback  stm32f1xx_hal_can.o
    0x08000ee2   0x08000ee2   0x00000002   Code   RO         2994    i.HAL_CAN_TxMailbox0CompleteCallback  stm32f1xx_hal_can.o
    0x08000ee4   0x08000ee4   0x00000002   Code   RO         2995    i.HAL_CAN_TxMailbox1AbortCallback  stm32f1xx_hal_can.o
    0x08000ee6   0x08000ee6   0x00000002   Code   RO         2996    i.HAL_CAN_TxMailbox1CompleteCallback  stm32f1xx_hal_can.o
    0x08000ee8   0x08000ee8   0x00000002   Code   RO         2997    i.HAL_CAN_TxMailbox2AbortCallback  stm32f1xx_hal_can.o
    0x08000eea   0x08000eea   0x00000002   Code   RO         2998    i.HAL_CAN_TxMailbox2CompleteCallback  stm32f1xx_hal_can.o
    0x08000eec   0x08000eec   0x00000002   Code   RO         3000    i.HAL_CAN_WakeUpFromRxMsgCallback  stm32f1xx_hal_can.o
    0x08000eee   0x08000eee   0x00000056   Code   RO         1694    i.HAL_DMA_Abort     stm32f1xx_hal_dma.o
    0x08000f44   0x08000f44   0x000000b0   Code   RO         1695    i.HAL_DMA_Abort_IT  stm32f1xx_hal_dma.o
    0x08000ff4   0x08000ff4   0x0000019c   Code   RO         1699    i.HAL_DMA_IRQHandler  stm32f1xx_hal_dma.o
    0x08001190   0x08001190   0x00000068   Code   RO         1700    i.HAL_DMA_Init      stm32f1xx_hal_dma.o
    0x080011f8   0x080011f8   0x0000009c   Code   RO         1704    i.HAL_DMA_Start_IT  stm32f1xx_hal_dma.o
    0x08001294   0x08001294   0x00000320   Code   RO         1630    i.HAL_GPIO_Init     stm32f1xx_hal_gpio.o
    0x080015b4   0x080015b4   0x00000010   Code   RO         1632    i.HAL_GPIO_ReadPin  stm32f1xx_hal_gpio.o
    0x080015c4   0x080015c4   0x0000000c   Code   RO         1634    i.HAL_GPIO_WritePin  stm32f1xx_hal_gpio.o
    0x080015d0   0x080015d0   0x0000000c   Code   RO         1319    i.HAL_GetTick       stm32f1xx_hal.o
    0x080015dc   0x080015dc   0x00000018   Code   RO         1325    i.HAL_IncTick       stm32f1xx_hal.o
    0x080015f4   0x080015f4   0x00000028   Code   RO         1326    i.HAL_Init          stm32f1xx_hal.o
    0x0800161c   0x0800161c   0x0000004c   Code   RO         1327    i.HAL_InitTick      stm32f1xx_hal.o
    0x08001668   0x08001668   0x00000054   Code   RO          264    i.HAL_MspInit       stm32f1xx_hal_msp.o
    0x080016bc   0x080016bc   0x00000020   Code   RO         1790    i.HAL_NVIC_EnableIRQ  stm32f1xx_hal_cortex.o
    0x080016dc   0x080016dc   0x0000007c   Code   RO         1796    i.HAL_NVIC_SetPriority  stm32f1xx_hal_cortex.o
    0x08001758   0x08001758   0x00000028   Code   RO         1797    i.HAL_NVIC_SetPriorityGrouping  stm32f1xx_hal_cortex.o
    0x08001780   0x08001780   0x00000130   Code   RO         1592    i.HAL_RCCEx_PeriphCLKConfig  stm32f1xx_hal_rcc_ex.o
    0x080018b0   0x080018b0   0x0000018c   Code   RO         1483    i.HAL_RCC_ClockConfig  stm32f1xx_hal_rcc.o
    0x08001a3c   0x08001a3c   0x0000000c   Code   RO         1488    i.HAL_RCC_GetHCLKFreq  stm32f1xx_hal_rcc.o
    0x08001a48   0x08001a48   0x00000020   Code   RO         1490    i.HAL_RCC_GetPCLK1Freq  stm32f1xx_hal_rcc.o
    0x08001a68   0x08001a68   0x00000020   Code   RO         1491    i.HAL_RCC_GetPCLK2Freq  stm32f1xx_hal_rcc.o
    0x08001a88   0x08001a88   0x00000070   Code   RO         1492    i.HAL_RCC_GetSysClockFreq  stm32f1xx_hal_rcc.o
    0x08001af8   0x08001af8   0x00000464   Code   RO         1495    i.HAL_RCC_OscConfig  stm32f1xx_hal_rcc.o
    0x08001f5c   0x08001f5c   0x00000034   Code   RO         1801    i.HAL_SYSTICK_Config  stm32f1xx_hal_cortex.o
    0x08001f90   0x08001f90   0x00000002   Code   RO         1041    i.HAL_TIMEx_BreakCallback  stm32f1xx_hal_tim_ex.o
    0x08001f92   0x08001f92   0x00000002   Code   RO         1042    i.HAL_TIMEx_CommutCallback  stm32f1xx_hal_tim_ex.o
    0x08001f94   0x08001f94   0x00000084   Code   RO         1060    i.HAL_TIMEx_MasterConfigSynchronization  stm32f1xx_hal_tim_ex.o
    0x08002018   0x08002018   0x00000066   Code   RO          326    i.HAL_TIM_Base_Init  stm32f1xx_hal_tim.o
    0x0800207e   0x0800207e   0x00000002   PAD
    0x08002080   0x08002080   0x00000044   Code   RO         3450    i.HAL_TIM_Base_MspInit  bsp_tim.o
    0x080020c4   0x080020c4   0x00000078   Code   RO          331    i.HAL_TIM_Base_Start_IT  stm32f1xx_hal_tim.o
    0x0800213c   0x0800213c   0x00000002   Code   RO          360    i.HAL_TIM_IC_CaptureCallback  stm32f1xx_hal_tim.o
    0x0800213e   0x0800213e   0x0000016c   Code   RO          374    i.HAL_TIM_IRQHandler  stm32f1xx_hal_tim.o
    0x080022aa   0x080022aa   0x00000002   Code   RO          377    i.HAL_TIM_OC_DelayElapsedCallback  stm32f1xx_hal_tim.o
    0x080022ac   0x080022ac   0x00000002   Code   RO          404    i.HAL_TIM_PWM_PulseFinishedCallback  stm32f1xx_hal_tim.o
    0x080022ae   0x080022ae   0x00000002   PAD
    0x080022b0   0x080022b0   0x0000003c   Code   RO         3451    i.HAL_TIM_PeriodElapsedCallback  bsp_tim.o
    0x080022ec   0x080022ec   0x00000002   Code   RO          417    i.HAL_TIM_TriggerCallback  stm32f1xx_hal_tim.o
    0x080022ee   0x080022ee   0x00000002   Code   RO         2328    i.HAL_UARTEx_RxEventCallback  stm32f1xx_hal_uart.o
    0x080022f0   0x080022f0   0x0000008a   Code   RO         2340    i.HAL_UART_DMAStop  stm32f1xx_hal_uart.o
    0x0800237a   0x0800237a   0x00000002   Code   RO         2342    i.HAL_UART_ErrorCallback  stm32f1xx_hal_uart.o
    0x0800237c   0x0800237c   0x000002e4   Code   RO         2345    i.HAL_UART_IRQHandler  stm32f1xx_hal_uart.o
    0x08002660   0x08002660   0x00000076   Code   RO         2346    i.HAL_UART_Init     stm32f1xx_hal_uart.o
    0x080026d6   0x080026d6   0x00000002   PAD
    0x080026d8   0x080026d8   0x000000d0   Code   RO         3286    i.HAL_UART_MspInit  bsp_usart.o
    0x080027a8   0x080027a8   0x0000002c   Code   RO         2350    i.HAL_UART_Receive_DMA  stm32f1xx_hal_uart.o
    0x080027d4   0x080027d4   0x00000002   Code   RO         2352    i.HAL_UART_RxCpltCallback  stm32f1xx_hal_uart.o
    0x080027d6   0x080027d6   0x00000002   Code   RO         2353    i.HAL_UART_RxHalfCpltCallback  stm32f1xx_hal_uart.o
    0x080027d8   0x080027d8   0x00000002   Code   RO         2357    i.HAL_UART_TxCpltCallback  stm32f1xx_hal_uart.o
    0x080027da   0x080027da   0x00000004   Code   RO          181    i.HardFault_Handler  stm32f1xx_it.o
    0x080027de   0x080027de   0x00000002   PAD
    0x080027e0   0x080027e0   0x000000b4   Code   RO         3630    i.I2C_Send_Byte     bsp_iic.o
    0x08002894   0x08002894   0x00000080   Code   RO         3631    i.I2C_Start         bsp_iic.o
    0x08002914   0x08002914   0x00000064   Code   RO         3632    i.I2C_Stop          bsp_iic.o
    0x08002978   0x08002978   0x00000080   Code   RO         3633    i.I2C_Wait_Ack      bsp_iic.o
    0x080029f8   0x080029f8   0x00000044   Code   RO         3520    i.IIC_Ack           bsp_24cxx.o
    0x08002a3c   0x08002a3c   0x00000040   Code   RO         3521    i.IIC_NAck          bsp_24cxx.o
    0x08002a7c   0x08002a7c   0x0000005c   Code   RO         3522    i.IIC_Read_Byte     bsp_24cxx.o
    0x08002ad8   0x08002ad8   0x0000006c   Code   RO         3523    i.IIC_Send_Byte     bsp_24cxx.o
    0x08002b44   0x08002b44   0x00000040   Code   RO         3524    i.IIC_Start         bsp_24cxx.o
    0x08002b84   0x08002b84   0x00000040   Code   RO         3525    i.IIC_Stop          bsp_24cxx.o
    0x08002bc4   0x08002bc4   0x00000058   Code   RO         3526    i.IIC_Wait_Ack      bsp_24cxx.o
    0x08002c1c   0x08002c1c   0x00000050   Code   RO         3737    i.KeyScan           bsp_key.o
    0x08002c6c   0x08002c6c   0x000000a0   Code   RO         3344    i.LedInit           bsp_led.o
    0x08002d0c   0x08002d0c   0x0000002a   Code   RO         3346    i.LedPwmDutySet     bsp_led.o
    0x08002d36   0x08002d36   0x00000002   PAD
    0x08002d38   0x08002d38   0x00000110   Code   RO         3347    i.LedRefresh        bsp_led.o
    0x08002e48   0x08002e48   0x0000002e   Code   RO         3348    i.LedSet            bsp_led.o
    0x08002e76   0x08002e76   0x00000002   PAD
    0x08002e78   0x08002e78   0x00000048   Code   RO         3350    i.LedWrite          bsp_led.o
    0x08002ec0   0x08002ec0   0x00000058   Code   RO         3351    i.LedWriteMulti     bsp_led.o
    0x08002f18   0x08002f18   0x00000004   Code   RO          182    i.MemManage_Handler  stm32f1xx_it.o
    0x08002f1c   0x08002f1c   0x00000004   Code   RO          183    i.NMI_Handler       stm32f1xx_it.o
    0x08002f20   0x08002f20   0x00000002   Code   RO          184    i.PendSV_Handler    stm32f1xx_it.o
    0x08002f22   0x08002f22   0x00000026   Code   RO         3833    i.ProtocolPackage   protocol.o
    0x08002f48   0x08002f48   0x0000008c   Code   RO         3834    i.ProtocolParse     protocol.o
    0x08002fd4   0x08002fd4   0x00000028   Code   RO         1496    i.RCC_Delay         stm32f1xx_hal_rcc.o
    0x08002ffc   0x08002ffc   0x00000002   Code   RO          185    i.SVC_Handler       stm32f1xx_it.o
    0x08002ffe   0x08002ffe   0x00000008   Code   RO          186    i.SysTick_Handler   stm32f1xx_it.o
    0x08003006   0x08003006   0x00000086   Code   RO         3702    i.SystemClock_Config  bsp_sys.o
    0x0800308c   0x0800308c   0x00000002   Code   RO         3200    i.SystemInit        system_stm32f1xx.o
    0x0800308e   0x0800308e   0x00000002   PAD
    0x08003090   0x08003090   0x00000010   Code   RO         3452    i.TIM4_IRQHandler   bsp_tim.o
    0x080030a0   0x080030a0   0x00000084   Code   RO          419    i.TIM_Base_SetConfig  stm32f1xx_hal_tim.o
    0x08003124   0x08003124   0x0000001c   Code   RO         3866    i.TaskCAN           task_com.o
    0x08003140   0x08003140   0x00000008   Code   RO         3867    i.TaskCom           task_com.o
    0x08003148   0x08003148   0x0000000c   Code   RO         3454    i.TimerGet1s        bsp_tim.o
    0x08003154   0x08003154   0x00000014   Code   RO         2359    i.UART_DMAAbortOnError  stm32f1xx_hal_uart.o
    0x08003168   0x08003168   0x00000050   Code   RO         2360    i.UART_DMAError     stm32f1xx_hal_uart.o
    0x080031b8   0x080031b8   0x000000b4   Code   RO         2361    i.UART_DMAReceiveCplt  stm32f1xx_hal_uart.o
    0x0800326c   0x0800326c   0x00000024   Code   RO         2363    i.UART_DMARxHalfCplt  stm32f1xx_hal_uart.o
    0x08003290   0x08003290   0x0000006c   Code   RO         2369    i.UART_EndRxTransfer  stm32f1xx_hal_uart.o
    0x080032fc   0x080032fc   0x00000020   Code   RO         2370    i.UART_EndTransmit_IT  stm32f1xx_hal_uart.o
    0x0800331c   0x0800331c   0x00000026   Code   RO         2371    i.UART_EndTxTransfer  stm32f1xx_hal_uart.o
    0x08003342   0x08003342   0x000000fc   Code   RO         2372    i.UART_Receive_IT   stm32f1xx_hal_uart.o
    0x0800343e   0x0800343e   0x00000002   PAD
    0x08003440   0x08003440   0x000000fc   Code   RO         2373    i.UART_SetConfig    stm32f1xx_hal_uart.o
    0x0800353c   0x0800353c   0x000000c8   Code   RO         2374    i.UART_Start_Receive_DMA  stm32f1xx_hal_uart.o
    0x08003604   0x08003604   0x00000060   Code   RO         2376    i.UART_Transmit_IT  stm32f1xx_hal_uart.o
    0x08003664   0x08003664   0x00000064   Code   RO         3287    i.USART1_IRQHandler  bsp_usart.o
    0x080036c8   0x080036c8   0x00000070   Code   RO         3288    i.USART1_UART_Init  bsp_usart.o
    0x08003738   0x08003738   0x00000010   Code   RO         3778    i.USB_LP_CAN1_RX0_IRQHandler  bsp_can.o
    0x08003748   0x08003748   0x00000004   Code   RO          187    i.UsageFault_Handler  stm32f1xx_it.o
    0x0800374c   0x0800374c   0x00000010   Code   RO         1803    i.__NVIC_GetPriorityGrouping  stm32f1xx_hal_cortex.o
    0x0800375c   0x0800375c   0x00000028   Code   RO         1804    i.__NVIC_SetPriority  stm32f1xx_hal_cortex.o
    0x08003784   0x08003784   0x000000b0   Code   RO         3634    i.bsp_IIC_Init      bsp_iic.o
    0x08003834   0x08003834   0x000000cc   Code   RO         3418    i.bsp_InitGpio      bsp_gpio.o
    0x08003900   0x08003900   0x0000008c   Code   RO         3779    i.bsp_can_Init      bsp_can.o
    0x0800398c   0x0800398c   0x00000028   Code   RO         3289    i.bsp_usartInit     bsp_usart.o
    0x080039b4   0x080039b4   0x00000028   Code   RO         3238    i.delay_ms          delay.o
    0x080039dc   0x080039dc   0x00000014   Code   RO         3240    i.delay_us          delay.o
    0x080039f0   0x080039f0   0x00000100   Code   RO           13    i.main              main.o
    0x08003af0   0x08003af0   0x00000001   Data   RO           15    .constdata          main.o
    0x08003af1   0x08003af1   0x00000012   Data   RO         1497    .constdata          stm32f1xx_hal_rcc.o
    0x08003b03   0x08003b03   0x00000018   Data   RO         3201    .constdata          system_stm32f1xx.o
    0x08003b1b   0x08003b1b   0x00000002   Data   RO         3353    .constdata          bsp_led.o
    0x08003b1d   0x08003b1d   0x00000003   PAD
    0x08003b20   0x08003b20   0x00000020   Data   RO         4070    Region$$Table       anon$$obj.o


    Execution Region RW_IRAM1 (Exec base: 0x20000000, Load base: 0x08003b40, Size: 0x000009d0, Max: 0x00005000, ABSOLUTE)

    Exec Addr    Load Addr    Size         Type   Attr      Idx    E Section Name        Object

    0x20000000   0x08003b40   0x00000012   Data   RW           16    .data               main.o
    0x20000012   0x08003b52   0x00000002   PAD
    0x20000014   0x08003b54   0x00000009   Data   RW         1333    .data               stm32f1xx_hal.o
    0x2000001d   0x08003b5d   0x00000003   PAD
    0x20000020   0x08003b60   0x00000004   Data   RW         3202    .data               system_stm32f1xx.o
    0x20000024   0x08003b64   0x00000013   Data   RW         3354    .data               bsp_led.o
    0x20000037   0x08003b77   0x00000001   PAD
    0x20000038   0x08003b78   0x00000070   Data   RW         3419    .data               bsp_gpio.o
    0x200000a8   0x08003be8   0x00000008   Data   RW         3456    .data               bsp_tim.o
    0x200000b0   0x08003bf0   0x00000020   Data   RW         3635    .data               bsp_iic.o
    0x200000d0   0x08003c10   0x00000004   Data   RW         3781    .data               bsp_can.o
    0x200000d4        -       0x0000001d   Zero   RW           14    .bss                main.o
    0x200000f1   0x08003c14   0x00000003   PAD
    0x200000f4        -       0x00000198   Zero   RW         3290    .bss                bsp_usart.o
    0x2000028c        -       0x00000048   Zero   RW         3352    .bss                bsp_led.o
    0x200002d4        -       0x00000048   Zero   RW         3455    .bss                bsp_tim.o
    0x2000031c        -       0x00000052   Zero   RW         3780    .bss                bsp_can.o
    0x2000036e   0x08003c14   0x00000002   PAD
    0x20000370        -       0x00000060   Zero   RW         3942    .bss                c_w.l(libspace.o)
    0x200003d0        -       0x00000200   Zero   RW            2    HEAP                startup_stm32f103xb.o
    0x200005d0        -       0x00000400   Zero   RW            1    STACK               startup_stm32f103xb.o


==============================================================================

Image component sizes


      Code (inc. data)   RO Data    RW Data    ZI Data      Debug   Object Name

       850         38          0          0          0       7030   bsp_24cxx.o
       420         48          0          4         82       3756   bsp_can.o
       204         14          0        112          0       3222   bsp_gpio.o
       726         32          0         32          0       4251   bsp_iic.o
        80          4          0          0          0        542   bsp_key.o
       680         28          2         19         72       5770   bsp_led.o
       140          0          0          0          0       1061   bsp_sys.o
       240         46          0          8         72       2922   bsp_tim.o
       512         60          0          0        408       3672   bsp_usart.o
        60          4          0          0          0       1010   delay.o
       256         30          1         18         29     437483   main.o
       204          6          0          0          0       2440   protocol.o
        64         26        236          0       1536        800   startup_stm32f103xb.o
       152         32          0          9          0       5193   stm32f1xx_hal.o
      2176          0          0          0          0      14173   stm32f1xx_hal_can.o
       304         22          0          0          0      29323   stm32f1xx_hal_cortex.o
       978         12          0          0          0       4774   stm32f1xx_hal_dma.o
       828         34          0          0          0       3263   stm32f1xx_hal_gpio.o
        84          8          0          0          0        866   stm32f1xx_hal_msp.o
      1748         98         18          0          0       5868   stm32f1xx_hal_rcc.o
       304         14          0          0          0       1372   stm32f1xx_hal_rcc_ex.o
       726         26          0          0          0       5631   stm32f1xx_hal_tim.o
       136         14          0          0          0       2373   stm32f1xx_hal_tim_ex.o
      2344         22          0          0          0      14513   stm32f1xx_hal_uart.o
        50          6          0          0          0       4261   stm32f1xx_it.o
         2          0         24          4          0       1083   system_stm32f1xx.o
        36          4          0          0          0        852   task_com.o

    ----------------------------------------------------------------------
     14324        628        316        212       2204     567504   Object Totals
         0          0         32          0          0          0   (incl. Generated)
        20          0          3          6          5          0   (incl. Padding)

    ----------------------------------------------------------------------

      Code (inc. data)   RO Data    RW Data    ZI Data      Debug   Library Member Name

         8          0          0          0          0         68   __main.o
         0          0          0          0          0          0   __rtentry.o
        12          0          0          0          0          0   __rtentry2.o
         6          0          0          0          0          0   __rtentry4.o
        52          8          0          0          0          0   __scatter.o
        26          0          0          0          0          0   __scatter_copy.o
        28          0          0          0          0          0   __scatter_zi.o
        16          0          0          0          0         68   aeabi_memset.o
        18          0          0          0          0         80   exit.o
         6          0          0          0          0        152   heapauxi.o
         0          0          0          0          0          0   indicate_semi.o
         2          0          0          0          0          0   libinit.o
         2          0          0          0          0          0   libinit2.o
         2          0          0          0          0          0   libshutdown.o
         2          0          0          0          0          0   libshutdown2.o
         8          4          0          0         96         68   libspace.o
        88          0          0          0          0         76   memcmp.o
        68          0          0          0          0         68   rt_memclr.o
        78          0          0          0          0         80   rt_memclr_w.o
         2          0          0          0          0          0   rtexit.o
        10          0          0          0          0          0   rtexit2.o
        12          4          0          0          0         68   sys_exit.o
        74          0          0          0          0         80   sys_stackheap_outer.o
         2          0          0          0          0         68   use_no_semi.o

    ----------------------------------------------------------------------
       528         16          0          0         96        876   Library Totals
         6          0          0          0          0          0   (incl. Padding)

    ----------------------------------------------------------------------

      Code (inc. data)   RO Data    RW Data    ZI Data      Debug   Library Name

       522         16          0          0         96        876   c_w.l

    ----------------------------------------------------------------------
       528         16          0          0         96        876   Library Totals

    ----------------------------------------------------------------------

==============================================================================


      Code (inc. data)   RO Data    RW Data    ZI Data      Debug   

     14852        644        316        212       2300     560992   Grand Totals
     14852        644        316        212       2300     560992   ELF Image Totals
     14852        644        316        212          0          0   ROM Totals

==============================================================================

    Total RO  Size (Code + RO Data)                15168 (  14.81kB)
    Total RW  Size (RW Data + ZI Data)              2512 (   2.45kB)
    Total ROM Size (Code + RO Data + RW Data)      15380 (  15.02kB)

==============================================================================

